Component: ARM Compiler 5.06 update 6 (build 750) Tool: armlink [4d35ed]

==============================================================================

Section Cross References

    main.o(i.main) refers to usart.o(i.USART1_Config) for USART1_Config
    main.o(i.main) refers to delay.o(i.delay_init) for delay_init
    main.o(i.main) refers to motor.o(i.Motor_Init) for Motor_Init
    main.o(i.main) refers to key.o(i.KEY_Init) for KEY_Init
    main.o(i.main) refers to nvic.o(i.NVIC_Config_Init) for NVIC_Config_Init
    main.o(i.main) refers to pwm.o(i.TIM4_PWM_Init) for TIM4_PWM_Init
    main.o(i.main) refers to encoder.o(i.Encoder_Init) for Encoder_Init
    main.o(i.main) refers to odometry.o(i.TIM7_Config_Init) for TIM7_Config_Init
    main.o(i.main) refers to stm32f10x_usart.o(i.USART_ClearFlag) for USART_ClearFlag
    main.o(i.main) refers to stm32f10x_usart.o(i.USART_SendData) for USART_SendData
    main.o(i.main) refers to stm32f10x_usart.o(i.USART_GetFlagStatus) for USART_GetFlagStatus
    main.o(i.main) refers to odometry.o(i.odometry) for odometry
    main.o(i.main) refers to dflt_clz.o(x$fpl$dfltu) for __aeabi_ui2d
    main.o(i.main) refers to dmul.o(x$fpl$dmul) for __aeabi_dmul
    main.o(i.main) refers to dflt_clz.o(x$fpl$dflt) for __aeabi_i2d
    main.o(i.main) refers to daddsub_clz.o(x$fpl$dadd) for __aeabi_dadd
    main.o(i.main) refers to d2f.o(x$fpl$d2f) for __aeabi_d2f
    main.o(i.main) refers to motor.o(i.car_control) for car_control
    main.o(i.main) refers to main.o(.data) for main_sta
    main.o(i.main) refers to odometry.o(.data) for position_x
    main.o(i.main) refers to main.o(.bss) for odometry_data
    main.o(i.main) refers to encoder.o(.data) for Milemeter_L_Motor
    main.o(i.main) refers to usart.o(.data) for USART_RX_STA
    main.o(i.main) refers to usart.o(.bss) for USART_RX_BUF
    system_stm32f10x.o(i.SetSysClock) refers to system_stm32f10x.o(i.SetSysClockTo72) for SetSysClockTo72
    system_stm32f10x.o(i.SystemCoreClockUpdate) refers to system_stm32f10x.o(.data) for SystemCoreClock
    system_stm32f10x.o(i.SystemInit) refers to system_stm32f10x.o(i.SetSysClock) for SetSysClock
    encoder.o(i.ENC_Calc_Average_Speed) refers to llsdiv.o(.text) for __aeabi_ldivmod
    encoder.o(i.ENC_Calc_Average_Speed) refers to encoder.o(.bss) for hSpeed_Buffer2
    encoder.o(i.ENC_Calc_Average_Speed) refers to encoder.o(.data) for hRot_Speed2
    encoder.o(i.ENC_Calc_Rot_Speed1) refers to encoder.o(.data) for bIs_First_Measurement1
    encoder.o(i.ENC_Calc_Rot_Speed2) refers to encoder.o(.data) for bIs_First_Measurement2
    encoder.o(i.ENC_Clear_Speed_Buffer) refers to encoder.o(.bss) for hSpeed_Buffer2
    encoder.o(i.ENC_Clear_Speed_Buffer) refers to encoder.o(.data) for bIs_First_Measurement2
    encoder.o(i.Encoder_Init) refers to encoder.o(i.TIM2_Encoder_Init) for TIM2_Encoder_Init
    encoder.o(i.Encoder_Init) refers to encoder.o(i.TIM3_Encoder_Init) for TIM3_Encoder_Init
    encoder.o(i.Encoder_Init) refers to encoder.o(i.TIM6_Config_Init) for TIM6_Config_Init
    encoder.o(i.Encoder_Init) refers to encoder.o(i.ENC_Clear_Speed_Buffer) for ENC_Clear_Speed_Buffer
    encoder.o(i.Gain1) refers to fflt_clz.o(x$fpl$ffltu) for __aeabi_ui2f
    encoder.o(i.Gain1) refers to pid.o(i.PID_calculate) for PID_calculate
    encoder.o(i.Gain1) refers to faddsub_clz.o(x$fpl$fadd) for __aeabi_fadd
    encoder.o(i.Gain1) refers to frleqf.o(x$fpl$frleqf) for __aeabi_cfrcmple
    encoder.o(i.Gain1) refers to fleqf.o(x$fpl$fleqf) for __aeabi_cfcmple
    encoder.o(i.Gain1) refers to ffixu.o(x$fpl$ffixu) for __aeabi_f2uiz
    encoder.o(i.Gain1) refers to encoder.o(.data) for Speed2
    encoder.o(i.Gain2) refers to fflt_clz.o(x$fpl$ffltu) for __aeabi_ui2f
    encoder.o(i.Gain2) refers to pid.o(i.PID_calculate) for PID_calculate
    encoder.o(i.Gain2) refers to faddsub_clz.o(x$fpl$fadd) for __aeabi_fadd
    encoder.o(i.Gain2) refers to frleqf.o(x$fpl$frleqf) for __aeabi_cfrcmple
    encoder.o(i.Gain2) refers to fleqf.o(x$fpl$fleqf) for __aeabi_cfcmple
    encoder.o(i.Gain2) refers to encoder.o(.data) for Speed1
    encoder.o(i.TIM2_Encoder_Init) refers to stm32f10x_rcc.o(i.RCC_APB2PeriphClockCmd) for RCC_APB2PeriphClockCmd
    encoder.o(i.TIM2_Encoder_Init) refers to stm32f10x_gpio.o(i.GPIO_PinRemapConfig) for GPIO_PinRemapConfig
    encoder.o(i.TIM2_Encoder_Init) refers to stm32f10x_rcc.o(i.RCC_APB1PeriphClockCmd) for RCC_APB1PeriphClockCmd
    encoder.o(i.TIM2_Encoder_Init) refers to stm32f10x_gpio.o(i.GPIO_Init) for GPIO_Init
    encoder.o(i.TIM2_Encoder_Init) refers to stm32f10x_tim.o(i.TIM_TimeBaseInit) for TIM_TimeBaseInit
    encoder.o(i.TIM2_Encoder_Init) refers to stm32f10x_tim.o(i.TIM_EncoderInterfaceConfig) for TIM_EncoderInterfaceConfig
    encoder.o(i.TIM2_Encoder_Init) refers to stm32f10x_tim.o(i.TIM_ICInit) for TIM_ICInit
    encoder.o(i.TIM2_Encoder_Init) refers to stm32f10x_tim.o(i.TIM_ClearFlag) for TIM_ClearFlag
[...]
    .ARM.Collect$$libshutdown$$0000000F      0x080001f4   Section        0  libshutdown2.o(.ARM.Collect$$libshutdown$$0000000F)
    .ARM.Collect$$libshutdown$$00000010      0x080001f4   Section        2  libshutdown2.o(.ARM.Collect$$libshutdown$$00000010)
    .ARM.Collect$$rtentry$$00000000          0x080001f6   Section        0  __rtentry.o(.ARM.Collect$$rtentry$$00000000)
    .ARM.Collect$$rtentry$$00000002          0x080001f6   Section        0  __rtentry2.o(.ARM.Collect$$rtentry$$00000002)
    .ARM.Collect$$rtentry$$00000004          0x080001f6   Section        6  __rtentry4.o(.ARM.Collect$$rtentry$$00000004)
    .ARM.Collect$$rtentry$$00000009          0x080001fc   Section        0  __rtentry2.o(.ARM.Collect$$rtentry$$00000009)
    .ARM.Collect$$rtentry$$0000000A          0x080001fc   Section        4  __rtentry2.o(.ARM.Collect$$rtentry$$0000000A)
    .ARM.Collect$$rtentry$$0000000C          0x08000200   Section        0  __rtentry2.o(.ARM.Collect$$rtentry$$0000000C)
    .ARM.Collect$$rtentry$$0000000D          0x08000200   Section        8  __rtentry2.o(.ARM.Collect$$rtentry$$0000000D)
    .ARM.Collect$$rtexit$$00000000           0x08000208   Section        2  rtexit.o(.ARM.Collect$$rtexit$$00000000)
    .ARM.Collect$$rtexit$$00000002           0x0800020a   Section        0  rtexit2.o(.ARM.Collect$$rtexit$$00000002)
    .ARM.Collect$$rtexit$$00000003           0x0800020a   Section        4  rtexit2.o(.ARM.Collect$$rtexit$$00000003)
    .ARM.Collect$$rtexit$$00000004           0x0800020e   Section        6  rtexit2.o(.ARM.Collect$$rtexit$$00000004)
    .text                                    0x08000214   Section       64  startup_stm32f10x_hd.o(.text)
    .text                                    0x08000254   Section        2  use_no_semi_2.o(.text)
    .text                                    0x08000256   Section       72  llsdiv.o(.text)
    .text                                    0x080002a0   Section        0  noretval__2printf.o(.text)
    .text                                    0x080002b8   Section        0  __printf.o(.text)
    .text                                    0x08000320   Section        0  _printf_dec.o(.text)
    .text                                    0x08000398   Section        0  heapauxi.o(.text)
    .text                                    0x0800039e   Section        2  use_no_semi.o(.text)
    .text                                    0x080003a0   Section      238  lludivv7m.o(.text)
    .text                                    0x0800048e   Section        0  _rserrno.o(.text)
    .text                                    0x080004a4   Section        0  _printf_intcommon.o(.text)
    .text                                    0x08000558   Section        0  _printf_char_file.o(.text)
    .text                                    0x0800057c   Section        8  rt_errno_addr_intlibspace.o(.text)
    .text                                    0x08000584   Section        0  _printf_char_common.o(.text)
    _printf_input_char                       0x08000585   Thumb Code    10  _printf_char_common.o(.text)
    .text                                    0x080005b4   Section        0  ferror.o(.text)
    .text                                    0x080005bc   Section        8  libspace.o(.text)
    .text                                    0x080005c4   Section       74  sys_stackheap_outer.o(.text)
    .text                                    0x0800060e   Section        0  exit.o(.text)
    i.BusFault_Handler                       0x08000620   Section        0  stm32f10x_it.o(i.BusFault_Handler)
    i.DebugMon_Handler                       0x08000624   Section        0  stm32f10x_it.o(i.DebugMon_Handler)
    i.ENC_Calc_Average_Speed                 0x08000628   Section        0  encoder.o(i.ENC_Calc_Average_Speed)
    i.ENC_Calc_Rot_Speed1                    0x08000718   Section        0  encoder.o(i.ENC_Calc_Rot_Speed1)
    i.ENC_Calc_Rot_Speed2                    0x08000798   Section        0  encoder.o(i.ENC_Calc_Rot_Speed2)
    i.ENC_Clear_Speed_Buffer                 0x08000818   Section        0  encoder.o(i.ENC_Clear_Speed_Buffer)
    i.Encoder_Init                           0x0800084c   Section        0  encoder.o(i.Encoder_Init)
    i.GPIO_Init                              0x08000860   Section        0  stm32f10x_gpio.o(i.GPIO_Init)
    i.GPIO_PinRemapConfig                    0x08000978   Section        0  stm32f10x_gpio.o(i.GPIO_PinRemapConfig)
    i.GPIO_ResetBits                         0x08000a08   Section        0  stm32f10x_gpio.o(i.GPIO_ResetBits)
    i.GPIO_SetBits                           0x08000a0c   Section        0  stm32f10x_gpio.o(i.GPIO_SetBits)
    i.Gain1                                  0x08000a10   Section        0  encoder.o(i.Gain1)
    i.Gain2                                  0x08000aa8   Section        0  encoder.o(i.Gain2)
    i.HardFault_Handler                      0x08000b1c   Section        0  stm32f10x_it.o(i.HardFault_Handler)
    i.KEY_Init                               0x08000b20   Section        0  key.o(i.KEY_Init)
    i.LeftMovingSpeedW                       0x08000b64   Section        0  motor.o(i.LeftMovingSpeedW)
    i.MemManage_Handler                      0x08000bd8   Section        0  stm32f10x_it.o(i.MemManage_Handler)
    i.Motor_Init                             0x08000bdc   Section        0  motor.o(i.Motor_Init)
    i.NMI_Handler                            0x08000c10   Section        0  stm32f10x_it.o(i.NMI_Handler)
    i.NVIC_Config_Init                       0x08000c12   Section        0  nvic.o(i.NVIC_Config_Init)
    i.NVIC_Init                              0x08000cac   Section        0  misc.o(i.NVIC_Init)
    i.NVIC_PriorityGroupConfig               0x08000d1c   Section        0  misc.o(i.NVIC_PriorityGroupConfig)
    i.PID_calculate                          0x08000d30   Section        0  pid.o(i.PID_calculate)
    i.PendSV_Handler                         0x08000e0c   Section        0  stm32f10x_it.o(i.PendSV_Handler)
    i.RCC_APB1PeriphClockCmd                 0x08000e10   Section        0  stm32f10x_rcc.o(i.RCC_APB1PeriphClockCmd)
    i.RCC_APB1PeriphResetCmd                 0x08000e30   Section        0  stm32f10x_rcc.o(i.RCC_APB1PeriphResetCmd)
    i.RCC_APB2PeriphClockCmd                 0x08000e50   Section        0  stm32f10x_rcc.o(i.RCC_APB2PeriphClockCmd)
    i.RCC_APB2PeriphResetCmd                 0x08000e70   Section        0  stm32f10x_rcc.o(i.RCC_APB2PeriphResetCmd)
    i.RCC_GetClocksFreq                      0x08000e90   Section        0  stm32f10x_rcc.o(i.RCC_GetClocksFreq)
    i.RightMovingSpeedW                      0x08000f64   Section        0  motor.o(i.RightMovingSpeedW)
    i.SVC_Handler                            0x08000fd8   Section        0  stm32f10x_it.o(i.SVC_Handler)
    i.SetSysClock                            0x08000fda   Section        0  system_stm32f10x.o(i.SetSysClock)
    SetSysClock                              0x08000fdb   Thumb Code     8  system_stm32f10x.o(i.SetSysClock)
    i.SetSysClockTo72                        0x08000fe4   Section        0  system_stm32f10x.o(i.SetSysClockTo72)
    SetSysClockTo72                          0x08000fe5   Thumb Code   214  system_stm32f10x.o(i.SetSysClockTo72)
    i.SysTick_CLKSourceConfig                0x080010c4   Section        0  misc.o(i.SysTick_CLKSourceConfig)
    i.SysTick_Handler                        0x080010ec   Section        0  stm32f10x_it.o(i.SysTick_Handler)
    i.SystemInit                             0x080010f0   Section        0  system_stm32f10x.o(i.SystemInit)
    i.TI1_Config                             0x08001150   Section        0  stm32f10x_tim.o(i.TI1_Config)
    TI1_Config                               0x08001151   Thumb Code   108  stm32f10x_tim.o(i.TI1_Config)
    i.TI2_Config                             0x080011d0   Section        0  stm32f10x_tim.o(i.TI2_Config)
    TI2_Config                               0x080011d1   Thumb Code   130  stm32f10x_tim.o(i.TI2_Config)
    i.TI3_Config                             0x08001268   Section        0  stm32f10x_tim.o(i.TI3_Config)
    TI3_Config                               0x08001269   Thumb Code   122  stm32f10x_tim.o(i.TI3_Config)
    i.TI4_Config                             0x080012f8   Section        0  stm32f10x_tim.o(i.TI4_Config)
    TI4_Config                               0x080012f9   Thumb Code   130  stm32f10x_tim.o(i.TI4_Config)
    i.TIM2_Encoder_Init                      0x08001390   Section        0  encoder.o(i.TIM2_Encoder_Init)
    i.TIM2_IRQHandler                        0x0800148c   Section        0  encoder.o(i.TIM2_IRQHandler)
    i.TIM3_Encoder_Init                      0x080014b4   Section        0  encoder.o(i.TIM3_Encoder_Init)
    i.TIM3_IRQHandler                        0x08001584   Section        0  encoder.o(i.TIM3_IRQHandler)
    i.TIM4_PWM_Init                          0x080015b0   Section        0  pwm.o(i.TIM4_PWM_Init)
    i.TIM6_Config_Init                       0x0800166c   Section        0  encoder.o(i.TIM6_Config_Init)
    i.TIM6_IRQHandler                        0x080016b8   Section        0  encoder.o(i.TIM6_IRQHandler)
    i.TIM7_Config_Init                       0x0800176c   Section        0  odometry.o(i.TIM7_Config_Init)
    i.TIM7_IRQHandler                        0x080017b8   Section        0  odometry.o(i.TIM7_IRQHandler)
    i.TIM_ARRPreloadConfig                   0x080017e4   Section        0  stm32f10x_tim.o(i.TIM_ARRPreloadConfig)
    i.TIM_ClearFlag                          0x080017fc   Section        0  stm32f10x_tim.o(i.TIM_ClearFlag)
    i.TIM_ClearITPendingBit                  0x08001802   Section        0  stm32f10x_tim.o(i.TIM_ClearITPendingBit)
    i.TIM_Cmd                                0x08001808   Section        0  stm32f10x_tim.o(i.TIM_Cmd)
    i.TIM_EncoderInterfaceConfig             0x08001820   Section        0  stm32f10x_tim.o(i.TIM_EncoderInterfaceConfig)
    i.TIM_GetITStatus                        0x08001862   Section        0  stm32f10x_tim.o(i.TIM_GetITStatus)
    i.TIM_ICInit                             0x08001884   Section        0  stm32f10x_tim.o(i.TIM_ICInit)
    i.TIM_ITConfig                           0x08001930   Section        0  stm32f10x_tim.o(i.TIM_ITConfig)
    i.TIM_OC3Init                            0x08001944   Section        0  stm32f10x_tim.o(i.TIM_OC3Init)
    i.TIM_OC3PreloadConfig                   0x080019e4   Section        0  stm32f10x_tim.o(i.TIM_OC3PreloadConfig)
    i.TIM_OC4Init                            0x080019f8   Section        0  stm32f10x_tim.o(i.TIM_OC4Init)
    i.TIM_OC4PreloadConfig                   0x08001a74   Section        0  stm32f10x_tim.o(i.TIM_OC4PreloadConfig)
    i.TIM_SetCounter                         0x08001a8e   Section        0  stm32f10x_tim.o(i.TIM_SetCounter)
    i.TIM_SetIC1Prescaler                    0x08001a92   Section        0  stm32f10x_tim.o(i.TIM_SetIC1Prescaler)
    i.TIM_SetIC2Prescaler                    0x08001aa4   Section        0  stm32f10x_tim.o(i.TIM_SetIC2Prescaler)
    i.TIM_SetIC3Prescaler                    0x08001abe   Section        0  stm32f10x_tim.o(i.TIM_SetIC3Prescaler)
    i.TIM_SetIC4Prescaler                    0x08001ad0   Section        0  stm32f10x_tim.o(i.TIM_SetIC4Prescaler)
    i.TIM_TimeBaseInit                       0x08001aec   Section        0  stm32f10x_tim.o(i.TIM_TimeBaseInit)
    i.USART1_Config                          0x08001b90   Section        0  usart.o(i.USART1_Config)
    i.USART1_IRQHandler                      0x08001c2c   Section        0  usart.o(i.USART1_IRQHandler)
    i.USART_ClearFlag                        0x08001d44   Section        0  stm32f10x_usart.o(i.USART_ClearFlag)
    i.USART_Cmd                              0x08001d56   Section        0  stm32f10x_usart.o(i.USART_Cmd)
    i.USART_DeInit                           0x08001d70   Section        0  stm32f10x_usart.o(i.USART_DeInit)
    i.USART_GetFlagStatus                    0x08001e0c   Section        0  stm32f10x_usart.o(i.USART_GetFlagStatus)
    i.USART_GetITStatus                      0x08001e26   Section        0  stm32f10x_usart.o(i.USART_GetITStatus)
    i.USART_ITConfig                         0x08001e7a   Section        0  stm32f10x_usart.o(i.USART_ITConfig)
    i.USART_Init                             0x08001ec4   Section        0  stm32f10x_usart.o(i.USART_Init)
    i.USART_ReceiveData                      0x08001f9c   Section        0  stm32f10x_usart.o(i.USART_ReceiveData)
    i.USART_SendData                         0x08001fa6   Section        0  stm32f10x_usart.o(i.USART_SendData)
    i.UsageFault_Handler                     0x08001fae   Section        0  stm32f10x_it.o(i.UsageFault_Handler)
    i.__ARM_fpclassify                       0x08001fb2   Section        0  fpclassify.o(i.__ARM_fpclassify)
    i.__ieee754_rem_pio2                     0x08001fdc   Section        0  rred.o(i.__ieee754_rem_pio2)
    i.__kernel_cos                           0x08002364   Section        0  cos_i.o(i.__kernel_cos)
    i.__kernel_poly                          0x08002460   Section        0  poly.o(i.__kernel_poly)
    i.__kernel_sin                           0x0800250c   Section        0  sin_i.o(i.__kernel_sin)
    i.__mathlib_dbl_infnan                   0x080025f8   Section        0  dunder.o(i.__mathlib_dbl_infnan)
    i.__mathlib_dbl_invalid                  0x080025fe   Section        0  dunder.o(i.__mathlib_dbl_invalid)
    i.__mathlib_dbl_underflow                0x0800260c   Section        0  dunder.o(i.__mathlib_dbl_underflow)
    i._sys_exit                              0x0800261c   Section        0  usart.o(i._sys_exit)
    i.car_control                            0x08002620   Section        0  motor.o(i.car_control)
    i.cos                                    0x08002680   Section        0  cos.o(i.cos)
    i.delay_init                             0x0800271c   Section        0  delay.o(i.delay_init)
    i.fputc                                  0x08002760   Section        0  usart.o(i.fputc)
    i.main                                   0x0800277c   Section        0  main.o(i.main)
    i.odometry                               0x08002a18   Section        0  odometry.o(i.odometry)
    i.sin                                    0x08002cf8   Section        0  sin.o(i.sin)
    x$fpl$d2f                                0x08002d98   Section       98  d2f.o(x$fpl$d2f)
    x$fpl$dadd                               0x08002dfc   Section      336  daddsub_clz.o(x$fpl$dadd)
    _dadd1                                   0x08002e0d   Thumb Code     0  daddsub_clz.o(x$fpl$dadd)
    x$fpl$dcheck1                            0x08002f4c   Section       16  dcheck1.o(x$fpl$dcheck1)
    x$fpl$ddiv                               0x08002f5c   Section      688  ddiv.o(x$fpl$ddiv)
    ddiv_entry                               0x08002f63   Thumb Code     0  ddiv.o(x$fpl$ddiv)
    x$fpl$dfix                               0x0800320c   Section       94  dfix.o(x$fpl$dfix)
    x$fpl$dflt                               0x0800326a   Section       46  dflt_clz.o(x$fpl$dflt)
    x$fpl$dfltu                              0x08003298   Section       38  dflt_clz.o(x$fpl$dfltu)
    x$fpl$dmul                               0x080032c0   Section      340  dmul.o(x$fpl$dmul)
    x$fpl$dnaninf                            0x08003414   Section      156  dnaninf.o(x$fpl$dnaninf)
    x$fpl$dretinf                            0x080034b0   Section       12  dretinf.o(x$fpl$dretinf)
    x$fpl$drsb                               0x080034bc   Section       22  daddsub_clz.o(x$fpl$drsb)
    x$fpl$dsub                               0x080034d4   Section      468  daddsub_clz.o(x$fpl$dsub)
    _dsub1                                   0x080034e5   Thumb Code     0  daddsub_clz.o(x$fpl$dsub)
    x$fpl$f2d                                0x080036a8   Section       86  f2d.o(x$fpl$f2d)
    x$fpl$fadd                               0x08003700   Section      196  faddsub_clz.o(x$fpl$fadd)
    _fadd1                                   0x0800370f   Thumb Code     0  faddsub_clz.o(x$fpl$fadd)
    x$fpl$fcmpinf                            0x080037c4   Section       24  fcmpi.o(x$fpl$fcmpinf)
    x$fpl$fdiv                               0x080037dc   Section      388  fdiv.o(x$fpl$fdiv)
    _fdiv1                                   0x080037dd   Thumb Code     0  fdiv.o(x$fpl$fdiv)
    x$fpl$ffix                               0x08003960   Section       54  ffix.o(x$fpl$ffix)
    x$fpl$ffixu                              0x08003998   Section       62  ffixu.o(x$fpl$ffixu)
    x$fpl$fflt                               0x080039d8   Section       48  fflt_clz.o(x$fpl$fflt)
    x$fpl$ffltu                              0x08003a08   Section       38  fflt_clz.o(x$fpl$ffltu)
    x$fpl$fleqf                              0x08003a30   Section      104  fleqf.o(x$fpl$fleqf)
    x$fpl$fmul                               0x08003a98   Section      258  fmul.o(x$fpl$fmul)
    x$fpl$fnaninf                            0x08003b9a   Section      140  fnaninf.o(x$fpl$fnaninf)
    x$fpl$fretinf                            0x08003c26   Section       10  fretinf.o(x$fpl$fretinf)
    x$fpl$frleqf                             0x08003c30   Section       98  frleqf.o(x$fpl$frleqf)
    x$fpl$fsub                               0x08003c94   Section      234  faddsub_clz.o(x$fpl$fsub)
    _fsub1                                   0x08003ca3   Thumb Code     0  faddsub_clz.o(x$fpl$fsub)
    x$fpl$retnan                             0x08003d7e   Section      100  retnan.o(x$fpl$retnan)
    x$fpl$scalbn                             0x08003de2   Section       92  scalbn.o(x$fpl$scalbn)
    x$fpl$trapveneer                         0x08003e3e   Section       48  trapv.o(x$fpl$trapveneer)
    x$fpl$usenofp                            0x08003e6e   Section        0  usenofp.o(x$fpl$usenofp)
    .constdata                               0x08003e70   Section       48  cos_i.o(.constdata)
    C                                        0x08003e70   Data          48  cos_i.o(.constdata)
    .constdata                               0x08003ea0   Section      200  rred.o(.constdata)
    pio2s                                    0x08003ea0   Data          48  rred.o(.constdata)
    twooverpi                                0x08003ed0   Data         152  rred.o(.constdata)
    .constdata                               0x08003f68   Section       40  sin_i.o(.constdata)
    S                                        0x08003f68   Data          40  sin_i.o(.constdata)
    .data                                    0x20000000   Section       44  main.o(.data)
    hSpeedMeas_Timebase_500us                0x20000000   Data           2  main.o(.data)
    .data                                    0x2000002c   Section       20  system_stm32f10x.o(.data)
    .data                                    0x20000040   Section      132  encoder.o(.data)
    hSpeedMeas_Timebase_500us                0x20000040   Data           2  encoder.o(.data)
    hRot_Speed2                              0x20000098   Data           4  encoder.o(.data)
    hRot_Speed1                              0x2000009c   Data           4  encoder.o(.data)
    hEncoder_Timer_Overflow1                 0x200000a8   Data           2  encoder.o(.data)
    hEncoder_Timer_Overflow2                 0x200000aa   Data           2  encoder.o(.data)
    bIs_First_Measurement2                   0x200000b8   Data           1  encoder.o(.data)
    bIs_First_Measurement1                   0x200000b9   Data           1  encoder.o(.data)
    .data                                    0x200000c4   Section      101  odometry.o(.data)
    .data                                    0x2000012c   Section       12  pid.o(.data)
    .data                                    0x20000138   Section        7  usart.o(.data)
    .data                                    0x20000140   Section        4  delay.o(.data)
    fac_us                                   0x20000140   Data           1  delay.o(.data)
    fac_ms                                   0x20000142   Data           2  delay.o(.data)
    .data                                    0x20000144   Section       20  stm32f10x_rcc.o(.data)
    APBAHBPrescTable                         0x20000144   Data          16  stm32f10x_rcc.o(.data)
    ADCPrescTable                            0x20000154   Data           4  stm32f10x_rcc.o(.data)
    .bss                                     0x20000158   Section       21  main.o(.bss)
    .bss                                     0x20000170   Section       24  encoder.o(.bss)
    .bss                                     0x20000188   Section      200  usart.o(.bss)
    .bss                                     0x20000250   Section       96  libspace.o(.bss)
    HEAP                                     0x200002b0   Section      512  startup_stm32f10x_hd.o(HEAP)
    Heap_Mem                                 0x200002b0   Data         512  startup_stm32f10x_hd.o(HEAP)
    STACK                                    0x200004b0   Section     1024  startup_stm32f10x_hd.o(STACK)
    Stack_Mem                                0x200004b0   Data        1024  startup_stm32f10x_hd.o(STACK)
    __initial_sp                             0x200008b0   Data           0  startup_stm32f10x_hd.o(STACK)

    Global Symbols

    Symbol Name                              Value     Ov Type        Size  Object(Section)

    BuildAttributes$$THM_ISAv4$P$D$K$B$S$PE$A:L22UL41UL21$X:L11$S22US41US21$IEEE1$IW$USESV6$~STKCKD$USESV7$~SHL$OTIME$ROPI$IEEEX$EBA8$UX$STANDARDLIB$REQ8$PRES8$EABIv2 0x00000000   Number         0  anon$$obj.o ABSOLUTE
    __ARM_use_no_argv                        0x00000000   Number         0  main.o ABSOLUTE
    __ARM_exceptions_init                     - Undefined Weak Reference
    __alloca_initialize                       - Undefined Weak Reference
    __arm_preinit_                            - Undefined Weak Reference
    __cpp_initialize__aeabi_                  - Undefined Weak Reference
    __cxa_finalize                            - Undefined Weak Reference
    __rt_locale                               - Undefined Weak Reference
    __sigvec_lookup                           - Undefined Weak Reference
    _atexit_init                              - Undefined Weak Reference
    _call_atexit_fns                          - Undefined Weak Reference
    _clock_init                               - Undefined Weak Reference
    _fp_trap_init                             - Undefined Weak Reference
    _fp_trap_shutdown                         - Undefined Weak Reference
    _get_lc_collate                           - Undefined Weak Reference
    _get_lc_ctype                             - Undefined Weak Reference
    _get_lc_monetary                          - Undefined Weak Reference
    _get_lc_numeric                           - Undefined Weak Reference
    _get_lc_time                              - Undefined Weak Reference
    _getenv_init                              - Undefined Weak Reference
    _handle_redirection                       - Undefined Weak Reference
    _init_alloc                               - Undefined Weak Reference
    _init_user_alloc                          - Undefined Weak Reference
    _initio                                   - Undefined Weak Reference
    _mutex_acquire                            - Undefined Weak Reference
    _mutex_release                            - Undefined Weak Reference
    _printf_post_padding                      - Undefined Weak Reference
    _printf_pre_padding                       - Undefined Weak Reference
    _printf_truncate_signed                   - Undefined Weak Reference
    _printf_truncate_unsigned                 - Undefined Weak Reference
    _rand_init                                - Undefined Weak Reference
    _signal_finish                            - Undefined Weak Reference
    _signal_init                              - Undefined Weak Reference
    _terminate_alloc                          - Undefined Weak Reference
    _terminate_user_alloc                     - Undefined Weak Reference
    _terminateio                              - Undefined Weak Reference
    __Vectors_Size                           0x00000130   Number         0  startup_stm32f10x_hd.o ABSOLUTE
    __Vectors                                0x08000000   Data           4  startup_stm32f10x_hd.o(RESET)
    __Vectors_End                            0x08000130   Data           0  startup_stm32f10x_hd.o(RESET)
    __main                                   0x08000131   Thumb Code     8  __main.o(!!!main)
    __scatterload                            0x08000139   Thumb Code     0  __scatter.o(!!!scatter)
    __scatterload_rt2                        0x08000139   Thumb Code    44  __scatter.o(!!!scatter)
    __scatterload_rt2_thumb_only             0x08000139   Thumb Code     0  __scatter.o(!!!scatter)
    __scatterload_null                       0x08000147   Thumb Code     0  __scatter.o(!!!scatter)
    __decompress                             0x0800016d   Thumb Code    90  __dczerorl2.o(!!dczerorl2)
    __decompress1                            0x0800016d   Thumb Code     0  __dczerorl2.o(!!dczerorl2)
    __scatterload_zeroinit                   0x080001c9   Thumb Code    28  __scatter_zi.o(!!handler_zi)
    _printf_d                                0x080001e5   Thumb Code     0  _printf_d.o(.ARM.Collect$$_printf_percent$$00000009)
    _printf_percent                          0x080001e5   Thumb Code     0  _printf_percent.o(.ARM.Collect$$_printf_percent$$00000000)
    _printf_percent_end                      0x080001eb   Thumb Code     0  _printf_percent_end.o(.ARM.Collect$$_printf_percent$$00000017)
    __rt_lib_init                            0x080001ef   Thumb Code     0  libinit.o(.ARM.Collect$$libinit$$00000000)
    __rt_lib_init_alloca_1                   0x080001f1   Thumb Code     0  libinit2.o(.ARM.Collect$$libinit$$0000002E)
    __rt_lib_init_argv_1                     0x080001f1   Thumb Code     0  libinit2.o(.ARM.Collect$$libinit$$0000002C)
    __rt_lib_init_atexit_1                   0x080001f1   Thumb Code     0  libinit2.o(.ARM.Collect$$libinit$$0000001B)
    __rt_lib_init_clock_1                    0x080001f1   Thumb Code     0  libinit2.o(.ARM.Collect$$libinit$$00000021)
    __rt_lib_init_cpp_1                      0x080001f1   Thumb Code     0  libinit2.o(.ARM.Collect$$libinit$$00000032)
    __rt_lib_init_exceptions_1               0x080001f1   Thumb Code     0  libinit2.o(.ARM.Collect$$libinit$$00000030)
    __rt_lib_init_fp_1                       0x080001f1   Thumb Code     0  libinit2.o(.ARM.Collect$$libinit$$00000002)
    __rt_lib_init_fp_trap_1                  0x080001f1   Thumb Code     0  libinit2.o(.ARM.Collect$$libinit$$0000001F)
    __rt_lib_init_getenv_1                   0x080001f1   Thumb Code     0  libinit2.o(.ARM.Collect$$libinit$$00000023)
    __rt_lib_init_heap_1                     0x080001f1   Thumb Code     0  libinit2.o(.ARM.Collect$$libinit$$0000000A)
    __rt_lib_init_lc_collate_1               0x080001f1   Thumb Code     0  libinit2.o(.ARM.Collect$$libinit$$00000011)
    __rt_lib_init_lc_ctype_1                 0x080001f1   Thumb Code     0  libinit2.o(.ARM.Collect$$libinit$$00000013)
    __rt_lib_init_lc_monetary_1              0x080001f1   Thumb Code     0  libinit2.o(.ARM.Collect$$libinit$$00000015)
    __rt_lib_init_lc_numeric_1               0x080001f1   Thumb Code     0  libinit2.o(.ARM.Collect$$libinit$$00000017)
    __rt_lib_init_lc_time_1                  0x080001f1   Thumb Code     0  libinit2.o(.ARM.Collect$$libinit$$00000019)
    __rt_lib_init_preinit_1                  0x080001f1   Thumb Code     0  libinit2.o(.ARM.Collect$$libinit$$00000004)
    __rt_lib_init_rand_1                     0x080001f1   Thumb Code     0  libinit2.o(.ARM.Collect$$libinit$$0000000E)
    __rt_lib_init_return                     0x080001f1   Thumb Code     0  libinit2.o(.ARM.Collect$$libinit$$00000033)
    __rt_lib_init_signal_1                   0x080001f1   Thumb Code     0  libinit2.o(.ARM.Collect$$libinit$$0000001D)
    __rt_lib_init_stdio_1                    0x080001f1   Thumb Code     0  libinit2.o(.ARM.Collect$$libinit$$00000025)
    __rt_lib_init_user_alloc_1               0x080001f1   Thumb Code     0  libinit2.o(.ARM.Collect$$libinit$$0000000C)
    __rt_lib_shutdown                        0x080001f3   Thumb Code     0  libshutdown.o(.ARM.Collect$$libshutdown$$00000000)
    __rt_lib_shutdown_cpp_1                  0x080001f5   Thumb Code     0  libshutdown2.o(.ARM.Collect$$libshutdown$$00000002)
    __rt_lib_shutdown_fp_trap_1              0x080001f5   Thumb Code     0  libshutdown2.o(.ARM.Collect$$libshutdown$$00000007)
    __rt_lib_shutdown_heap_1                 0x080001f5   Thumb Code     0  libshutdown2.o(.ARM.Collect$$libshutdown$$0000000F)
    __rt_lib_shutdown_return                 0x080001f5   Thumb Code     0  libshutdown2.o(.ARM.Collect$$libshutdown$$00000010)
    __rt_lib_shutdown_signal_1               0x080001f5   Thumb Code     0  libshutdown2.o(.ARM.Collect$$libshutdown$$0000000A)
    __rt_lib_shutdown_stdio_1                0x080001f5   Thumb Code     0  libshutdown2.o(.ARM.Collect$$libshutdown$$00000004)
    __rt_lib_shutdown_user_alloc_1           0x080001f5   Thumb Code     0  libshutdown2.o(.ARM.Collect$$libshutdown$$0000000C)
    __rt_entry                               0x080001f7   Thumb Code     0  __rtentry.o(.ARM.Collect$$rtentry$$00000000)
    __rt_entry_presh_1                       0x080001f7   Thumb Code     0  __rtentry2.o(.ARM.Collect$$rtentry$$00000002)
    __rt_entry_sh                            0x080001f7   Thumb Code     0  __rtentry4.o(.ARM.Collect$$rtentry$$00000004)
    __rt_entry_li                            0x080001fd   Thumb Code     0  __rtentry2.o(.ARM.Collect$$rtentry$$0000000A)
    __rt_entry_postsh_1                      0x080001fd   Thumb Code     0  __rtentry2.o(.ARM.Collect$$rtentry$$00000009)
    __rt_entry_main                          0x08000201   Thumb Code     0  __rtentry2.o(.ARM.Collect$$rtentry$$0000000D)
    __rt_entry_postli_1                      0x08000201   Thumb Code     0  __rtentry2.o(.ARM.Collect$$rtentry$$0000000C)
    __rt_exit                                0x08000209   Thumb Code     0  rtexit.o(.ARM.Collect$$rtexit$$00000000)
    __rt_exit_ls                             0x0800020b   Thumb Code     0  rtexit2.o(.ARM.Collect$$rtexit$$00000003)
    __rt_exit_prels_1                        0x0800020b   Thumb Code     0  rtexit2.o(.ARM.Collect$$rtexit$$00000002)
    __rt_exit_exit                           0x0800020f   Thumb Code     0  rtexit2.o(.ARM.Collect$$rtexit$$00000004)
    Reset_Handler                            0x08000215   Thumb Code     8  startup_stm32f10x_hd.o(.text)
    ADC1_2_IRQHandler                        0x0800022f   Thumb Code     0  startup_stm32f10x_hd.o(.text)
    ADC3_IRQHandler                          0x0800022f   Thumb Code     0  startup_stm32f10x_hd.o(.text)
    CAN1_RX1_IRQHandler                      0x0800022f   Thumb Code     0  startup_stm32f10x_hd.o(.text)
    CAN1_SCE_IRQHandler                      0x0800022f   Thumb Code     0  startup_stm32f10x_hd.o(.text)
    DMA1_Channel1_IRQHandler                 0x0800022f   Thumb Code     0  startup_stm32f10x_hd.o(.text)
    DMA1_Channel2_IRQHandler                 0x0800022f   Thumb Code     0  startup_stm32f10x_hd.o(.text)
    DMA1_Channel3_IRQHandler                 0x0800022f   Thumb Code     0  startup_stm32f10x_hd.o(.text)
    DMA1_Channel4_IRQHandler                 0x0800022f   Thumb Code     0  startup_stm32f10x_hd.o(.text)
    DMA1_Channel5_IRQHandler                 0x0800022f   Thumb Code     0  startup_stm32f10x_hd.o(.text)
    DMA1_Channel6_IRQHandler                 0x0800022f   Thumb Code     0  startup_stm32f10x_hd.o(.text)
    DMA1_Channel7_IRQHandler                 0x0800022f   Thumb Code     0  startup_stm32f10x_hd.o(.text)
    DMA2_Channel1_IRQHandler                 0x0800022f   Thumb Code     0  startup_stm32f10x_hd.o(.text)
    DMA2_Channel2_IRQHandler                 0x0800022f   Thumb Code     0  startup_stm32f10x_hd.o(.text)
    DMA2_Channel3_IRQHandler                 0x0800022f   Thumb Code     0  startup_stm32f10x_hd.o(.text)
    DMA2_Channel4_5_IRQHandler               0x0800022f   Thumb Code     0  startup_stm32f10x_hd.o(.text)
    EXTI0_IRQHandler                         0x0800022f   Thumb Code     0  startup_stm32f10x_hd.o(.text)
    EXTI15_10_IRQHandler                     0x0800022f   Thumb Code     0  startup_stm32f10x_hd.o(.text)
    EXTI1_IRQHandler                         0x0800022f   Thumb Code     0  startup_stm32f10x_hd.o(.text)
    EXTI2_IRQHandler                         0x0800022f   Thumb Code     0  startup_stm32f10x_hd.o(.text)
    EXTI3_IRQHandler                         0x0800022f   Thumb Code     0  startup_stm32f10x_hd.o(.text)
    EXTI4_IRQHandler                         0x0800022f   Thumb Code     0  startup_stm32f10x_hd.o(.text)
    EXTI9_5_IRQHandler                       0x0800022f   Thumb Code     0  startup_stm32f10x_hd.o(.text)
    FLASH_IRQHandler                         0x0800022f   Thumb Code     0  startup_stm32f10x_hd.o(.text)
    FSMC_IRQHandler                          0x0800022f   Thumb Code     0  startup_stm32f10x_hd.o(.text)
    I2C1_ER_IRQHandler                       0x0800022f   Thumb Code     0  startup_stm32f10x_hd.o(.text)
    I2C1_EV_IRQHandler                       0x0800022f   Thumb Code     0  startup_stm32f10x_hd.o(.text)
    I2C2_ER_IRQHandler                       0x0800022f   Thumb Code     0  startup_stm32f10x_hd.o(.text)
    I2C2_EV_IRQHandler                       0x0800022f   Thumb Code     0  startup_stm32f10x_hd.o(.text)
    PVD_IRQHandler                           0x0800022f   Thumb Code     0  startup_stm32f10x_hd.o(.text)
    RCC_IRQHandler                           0x0800022f   Thumb Code     0  startup_stm32f10x_hd.o(.text)
    RTCAlarm_IRQHandler                      0x0800022f   Thumb Code     0  startup_stm32f10x_hd.o(.text)
    RTC_IRQHandler                           0x0800022f   Thumb Code     0  startup_stm32f10x_hd.o(.text)
    SDIO_IRQHandler                          0x0800022f   Thumb Code     0  startup_stm32f10x_hd.o(.text)
    SPI1_IRQHandler                          0x0800022f   Thumb Code     0  startup_stm32f10x_hd.o(.text)
    SPI2_IRQHandler                          0x0800022f   Thumb Code     0  startup_stm32f10x_hd.o(.text)
    SPI3_IRQHandler                          0x0800022f   Thumb Code     0  startup_stm32f10x_hd.o(.text)
    TAMPER_IRQHandler                        0x0800022f   Thumb Code     0  startup_stm32f10x_hd.o(.text)
    TIM1_BRK_IRQHandler                      0x0800022f   Thumb Code     0  startup_stm32f10x_hd.o(.text)
    TIM1_CC_IRQHandler                       0x0800022f   Thumb Code     0  startup_stm32f10x_hd.o(.text)
    TIM1_TRG_COM_IRQHandler                  0x0800022f   Thumb Code     0  startup_stm32f10x_hd.o(.text)
    TIM1_UP_IRQHandler                       0x0800022f   Thumb Code     0  startup_stm32f10x_hd.o(.text)
    TIM4_IRQHandler                          0x0800022f   Thumb Code     0  startup_stm32f10x_hd.o(.text)
    TIM5_IRQHandler                          0x0800022f   Thumb Code     0  startup_stm32f10x_hd.o(.text)
    TIM8_BRK_IRQHandler                      0x0800022f   Thumb Code     0  startup_stm32f10x_hd.o(.text)
    TIM8_CC_IRQHandler                       0x0800022f   Thumb Code     0  startup_stm32f10x_hd.o(.text)
    TIM8_TRG_COM_IRQHandler                  0x0800022f   Thumb Code     0  startup_stm32f10x_hd.o(.text)
    TIM8_UP_IRQHandler                       0x0800022f   Thumb Code     0  startup_stm32f10x_hd.o(.text)
    UART4_IRQHandler                         0x0800022f   Thumb Code     0  startup_stm32f10x_hd.o(.text)
    UART5_IRQHandler                         0x0800022f   Thumb Code     0  startup_stm32f10x_hd.o(.text)
    USART2_IRQHandler                        0x0800022f   Thumb Code     0  startup_stm32f10x_hd.o(.text)
    USART3_IRQHandler                        0x0800022f   Thumb Code     0  startup_stm32f10x_hd.o(.text)
    USBWakeUp_IRQHandler                     0x0800022f   Thumb Code     0  startup_stm32f10x_hd.o(.text)
    USB_HP_CAN1_TX_IRQHandler                0x0800022f   Thumb Code     0  startup_stm32f10x_hd.o(.text)
    USB_LP_CAN1_RX0_IRQHandler               0x0800022f   Thumb Code     0  startup_stm32f10x_hd.o(.text)
    WWDG_IRQHandler                          0x0800022f   Thumb Code     0  startup_stm32f10x_hd.o(.text)
    __user_initial_stackheap                 0x08000231   Thumb Code     0  startup_stm32f10x_hd.o(.text)
    __use_no_semihosting                     0x08000255   Thumb Code     2  use_no_semi_2.o(.text)
    __aeabi_ldivmod                          0x08000257   Thumb Code     0  llsdiv.o(.text)
    _ll_sdiv                                 0x08000257   Thumb Code    72  llsdiv.o(.text)
    __2printf                                0x080002a1   Thumb Code    20  noretval__2printf.o(.text)
    __printf                                 0x080002b9   Thumb Code   104  __printf.o(.text)
    _printf_int_dec                          0x08000321   Thumb Code   104  _printf_dec.o(.text)
    __use_two_region_memory                  0x08000399   Thumb Code     2  heapauxi.o(.text)
    __rt_heap_escrow$2region                 0x0800039b   Thumb Code     2  heapauxi.o(.text)
    __rt_heap_expand$2region                 0x0800039d   Thumb Code     2  heapauxi.o(.text)
    __I$use$semihosting                      0x0800039f   Thumb Code     0  use_no_semi.o(.text)
    __use_no_semihosting_swi                 0x0800039f   Thumb Code     2  use_no_semi.o(.text)
    __aeabi_uldivmod                         0x080003a1   Thumb Code     0  lludivv7m.o(.text)
    _ll_udiv                                 0x080003a1   Thumb Code   238  lludivv7m.o(.text)
    __read_errno                             0x0800048f   Thumb Code    10  _rserrno.o(.text)
    __set_errno                              0x08000499   Thumb Code    12  _rserrno.o(.text)
    _printf_int_common                       0x080004a5   Thumb Code   178  _printf_intcommon.o(.text)
    _printf_char_file                        0x08000559   Thumb Code    32  _printf_char_file.o(.text)
    __aeabi_errno_addr                       0x0800057d   Thumb Code     8  rt_errno_addr_intlibspace.o(.text)
    __errno$intlibspace                      0x0800057d   Thumb Code     0  rt_errno_addr_intlibspace.o(.text)
    __rt_errno_addr$intlibspace              0x0800057d   Thumb Code     0  rt_errno_addr_intlibspace.o(.text)
    _printf_char_common                      0x0800058f   Thumb Code    32  _printf_char_common.o(.text)
    ferror                                   0x080005b5   Thumb Code     8  ferror.o(.text)
    __user_libspace                          0x080005bd   Thumb Code     8  libspace.o(.text)
    __user_perproc_libspace                  0x080005bd   Thumb Code     0  libspace.o(.text)
    __user_perthread_libspace                0x080005bd   Thumb Code     0  libspace.o(.text)
    __user_setup_stackheap                   0x080005c5   Thumb Code    74  sys_stackheap_outer.o(.text)
    exit                                     0x0800060f   Thumb Code    18  exit.o(.text)
    BusFault_Handler                         0x08000621   Thumb Code     4  stm32f10x_it.o(i.BusFault_Handler)
    DebugMon_Handler                         0x08000625   Thumb Code     2  stm32f10x_it.o(i.DebugMon_Handler)
    ENC_Calc_Average_Speed                   0x08000629   Thumb Code   216  encoder.o(i.ENC_Calc_Average_Speed)
    ENC_Calc_Rot_Speed1                      0x08000719   Thumb Code   110  encoder.o(i.ENC_Calc_Rot_Speed1)
    ENC_Calc_Rot_Speed2                      0x08000799   Thumb Code   116  encoder.o(i.ENC_Calc_Rot_Speed2)
    ENC_Clear_Speed_Buffer                   0x08000819   Thumb Code    36  encoder.o(i.ENC_Clear_Speed_Buffer)
    Encoder_Init                             0x0800084d   Thumb Code    20  encoder.o(i.Encoder_Init)
    GPIO_Init                                0x08000861   Thumb Code   278  stm32f10x_gpio.o(i.GPIO_Init)
    GPIO_PinRemapConfig                      0x08000979   Thumb Code   138  stm32f10x_gpio.o(i.GPIO_PinRemapConfig)
    GPIO_ResetBits                           0x08000a09   Thumb Code     4  stm32f10x_gpio.o(i.GPIO_ResetBits)
    GPIO_SetBits                             0x08000a0d   Thumb Code     4  stm32f10x_gpio.o(i.GPIO_SetBits)
    Gain1                                    0x08000a11   Thumb Code   114  encoder.o(i.Gain1)
    Gain2                                    0x08000aa9   Thumb Code    88  encoder.o(i.Gain2)
    HardFault_Handler                        0x08000b1d   Thumb Code     4  stm32f10x_it.o(i.HardFault_Handler)
    KEY_Init                                 0x08000b21   Thumb Code    60  key.o(i.KEY_Init)
    LeftMovingSpeedW                         0x08000b65   Thumb Code   108  motor.o(i.LeftMovingSpeedW)
    MemManage_Handler                        0x08000bd9   Thumb Code     4  stm32f10x_it.o(i.MemManage_Handler)
    Motor_Init                               0x08000bdd   Thumb Code    46  motor.o(i.Motor_Init)
    NMI_Handler                              0x08000c11   Thumb Code     2  stm32f10x_it.o(i.NMI_Handler)
    NVIC_Config_Init                         0x08000c13   Thumb Code   152  nvic.o(i.NVIC_Config_Init)
    NVIC_Init                                0x08000cad   Thumb Code   100  misc.o(i.NVIC_Init)
    NVIC_PriorityGroupConfig                 0x08000d1d   Thumb Code    10  misc.o(i.NVIC_PriorityGroupConfig)
    PID_calculate                            0x08000d31   Thumb Code   198  pid.o(i.PID_calculate)
    PendSV_Handler                           0x08000e0d   Thumb Code     2  stm32f10x_it.o(i.PendSV_Handler)
    RCC_APB1PeriphClockCmd                   0x08000e11   Thumb Code    26  stm32f10x_rcc.o(i.RCC_APB1PeriphClockCmd)
    RCC_APB1PeriphResetCmd                   0x08000e31   Thumb Code    26  stm32f10x_rcc.o(i.RCC_APB1PeriphResetCmd)
    RCC_APB2PeriphClockCmd                   0x08000e51   Thumb Code    26  stm32f10x_rcc.o(i.RCC_APB2PeriphClockCmd)
    RCC_APB2PeriphResetCmd                   0x08000e71   Thumb Code    26  stm32f10x_rcc.o(i.RCC_APB2PeriphResetCmd)
    RCC_GetClocksFreq                        0x08000e91   Thumb Code   192  stm32f10x_rcc.o(i.RCC_GetClocksFreq)
    RightMovingSpeedW                        0x08000f65   Thumb Code   108  motor.o(i.RightMovingSpeedW)
    SVC_Handler                              0x08000fd9   Thumb Code     2  stm32f10x_it.o(i.SVC_Handler)
    SysTick_CLKSourceConfig                  0x080010c5   Thumb Code    40  misc.o(i.SysTick_CLKSourceConfig)
    SysTick_Handler                          0x080010ed   Thumb Code     2  stm32f10x_it.o(i.SysTick_Handler)
    SystemInit                               0x080010f1   Thumb Code    78  system_stm32f10x.o(i.SystemInit)
    TIM2_Encoder_Init                        0x08001391   Thumb Code   236  encoder.o(i.TIM2_Encoder_Init)
    TIM2_IRQHandler                          0x0800148d   Thumb Code    34  encoder.o(i.TIM2_IRQHandler)
    TIM3_Encoder_Init                        0x080014b5   Thumb Code   198  encoder.o(i.TIM3_Encoder_Init)
    TIM3_IRQHandler                          0x08001585   Thumb Code    34  encoder.o(i.TIM3_IRQHandler)
    TIM4_PWM_Init                            0x080015b1   Thumb Code   178  pwm.o(i.TIM4_PWM_Init)
    TIM6_Config_Init                         0x0800166d   Thumb Code    70  encoder.o(i.TIM6_Config_Init)
    TIM6_IRQHandler                          0x080016b9   Thumb Code   148  encoder.o(i.TIM6_IRQHandler)
    TIM7_Config_Init                         0x0800176d   Thumb Code    72  odometry.o(i.TIM7_Config_Init)
    TIM7_IRQHandler                          0x080017b9   Thumb Code    34  odometry.o(i.TIM7_IRQHandler)
    TIM_ARRPreloadConfig                     0x080017e5   Thumb Code    24  stm32f10x_tim.o(i.TIM_ARRPreloadConfig)
    TIM_ClearFlag                            0x080017fd   Thumb Code     6  stm32f10x_tim.o(i.TIM_ClearFlag)
    TIM_ClearITPendingBit                    0x08001803   Thumb Code     6  stm32f10x_tim.o(i.TIM_ClearITPendingBit)
    TIM_Cmd                                  0x08001809   Thumb Code    24  stm32f10x_tim.o(i.TIM_Cmd)
    TIM_EncoderInterfaceConfig               0x08001821   Thumb Code    66  stm32f10x_tim.o(i.TIM_EncoderInterfaceConfig)
    TIM_GetITStatus                          0x08001863   Thumb Code    34  stm32f10x_tim.o(i.TIM_GetITStatus)
    TIM_ICInit                               0x08001885   Thumb Code   150  stm32f10x_tim.o(i.TIM_ICInit)
    TIM_ITConfig                             0x08001931   Thumb Code    18  stm32f10x_tim.o(i.TIM_ITConfig)
    TIM_OC3Init                              0x08001945   Thumb Code   150  stm32f10x_tim.o(i.TIM_OC3Init)
    TIM_OC3PreloadConfig                     0x080019e5   Thumb Code    18  stm32f10x_tim.o(i.TIM_OC3PreloadConfig)
    TIM_OC4Init                              0x080019f9   Thumb Code   114  stm32f10x_tim.o(i.TIM_OC4Init)
    TIM_OC4PreloadConfig                     0x08001a75   Thumb Code    26  stm32f10x_tim.o(i.TIM_OC4PreloadConfig)
    TIM_SetCounter                           0x08001a8f   Thumb Code     4  stm32f10x_tim.o(i.TIM_SetCounter)
    TIM_SetIC1Prescaler                      0x08001a93   Thumb Code    18  stm32f10x_tim.o(i.TIM_SetIC1Prescaler)
    TIM_SetIC2Prescaler                      0x08001aa5   Thumb Code    26  stm32f10x_tim.o(i.TIM_SetIC2Prescaler)
    TIM_SetIC3Prescaler                      0x08001abf   Thumb Code    18  stm32f10x_tim.o(i.TIM_SetIC3Prescaler)
    TIM_SetIC4Prescaler                      0x08001ad1   Thumb Code    26  stm32f10x_tim.o(i.TIM_SetIC4Prescaler)
    TIM_TimeBaseInit                         0x08001aed   Thumb Code   122  stm32f10x_tim.o(i.TIM_TimeBaseInit)
    USART1_Config                            0x08001b91   Thumb Code   146  usart.o(i.USART1_Config)
    USART1_IRQHandler                        0x08001c2d   Thumb Code   242  usart.o(i.USART1_IRQHandler)
    USART_ClearFlag                          0x08001d45   Thumb Code    18  stm32f10x_usart.o(i.USART_ClearFlag)
    USART_Cmd                                0x08001d57   Thumb Code    24  stm32f10x_usart.o(i.USART_Cmd)
    USART_DeInit                             0x08001d71   Thumb Code   134  stm32f10x_usart.o(i.USART_DeInit)
    USART_GetFlagStatus                      0x08001e0d   Thumb Code    26  stm32f10x_usart.o(i.USART_GetFlagStatus)
    USART_GetITStatus                        0x08001e27   Thumb Code    84  stm32f10x_usart.o(i.USART_GetITStatus)
    USART_ITConfig                           0x08001e7b   Thumb Code    74  stm32f10x_usart.o(i.USART_ITConfig)
    USART_Init                               0x08001ec5   Thumb Code   210  stm32f10x_usart.o(i.USART_Init)
    USART_ReceiveData                        0x08001f9d   Thumb Code    10  stm32f10x_usart.o(i.USART_ReceiveData)
    USART_SendData                           0x08001fa7   Thumb Code     8  stm32f10x_usart.o(i.USART_SendData)
    UsageFault_Handler                       0x08001faf   Thumb Code     4  stm32f10x_it.o(i.UsageFault_Handler)
    __ARM_fpclassify                         0x08001fb3   Thumb Code    40  fpclassify.o(i.__ARM_fpclassify)
    __ieee754_rem_pio2                       0x08001fdd   Thumb Code   828  rred.o(i.__ieee754_rem_pio2)
    __kernel_cos                             0x08002365   Thumb Code   230  cos_i.o(i.__kernel_cos)
    __kernel_poly                            0x08002461   Thumb Code   170  poly.o(i.__kernel_poly)
    __kernel_sin                             0x0800250d   Thumb Code   224  sin_i.o(i.__kernel_sin)
    __mathlib_dbl_infnan                     0x080025f9   Thumb Code     6  dunder.o(i.__mathlib_dbl_infnan)
    __mathlib_dbl_invalid                    0x080025ff   Thumb Code    12  dunder.o(i.__mathlib_dbl_invalid)
    __mathlib_dbl_underflow                  0x0800260d   Thumb Code    10  dunder.o(i.__mathlib_dbl_underflow)
    _sys_exit                                0x0800261d   Thumb Code     4  usart.o(i._sys_exit)
    car_control                              0x08002621   Thumb Code    90  motor.o(i.car_control)
    cos                                      0x08002681   Thumb Code   148  cos.o(i.cos)
    delay_init                               0x0800271d   Thumb Code    50  delay.o(i.delay_init)
    fputc                                    0x08002761   Thumb Code    24  usart.o(i.fputc)
    main                                     0x0800277d   Thumb Code   576  main.o(i.main)
    odometry                                 0x08002a19   Thumb Code   630  odometry.o(i.odometry)
    sin                                      0x08002cf9   Thumb Code   150  sin.o(i.sin)
    __aeabi_d2f                              0x08002d99   Thumb Code     0  d2f.o(x$fpl$d2f)
    _d2f                                     0x08002d99   Thumb Code    98  d2f.o(x$fpl$d2f)
    __aeabi_dadd                             0x08002dfd   Thumb Code     0  daddsub_clz.o(x$fpl$dadd)
    _dadd                                    0x08002dfd   Thumb Code   332  daddsub_clz.o(x$fpl$dadd)
    __fpl_dcheck_NaN1                        0x08002f4d   Thumb Code    10  dcheck1.o(x$fpl$dcheck1)
    __aeabi_ddiv                             0x08002f5d   Thumb Code     0  ddiv.o(x$fpl$ddiv)
    _ddiv                                    0x08002f5d   Thumb Code   552  ddiv.o(x$fpl$ddiv)
    __aeabi_d2iz                             0x0800320d   Thumb Code     0  dfix.o(x$fpl$dfix)
    _dfix                                    0x0800320d   Thumb Code    94  dfix.o(x$fpl$dfix)
    __aeabi_i2d                              0x0800326b   Thumb Code     0  dflt_clz.o(x$fpl$dflt)
    _dflt                                    0x0800326b   Thumb Code    46  dflt_clz.o(x$fpl$dflt)
    __aeabi_ui2d                             0x08003299   Thumb Code     0  dflt_clz.o(x$fpl$dfltu)
    _dfltu                                   0x08003299   Thumb Code    38  dflt_clz.o(x$fpl$dfltu)
    __aeabi_dmul                             0x080032c1   Thumb Code     0  dmul.o(x$fpl$dmul)
    _dmul                                    0x080032c1   Thumb Code   332  dmul.o(x$fpl$dmul)
    __fpl_dnaninf                            0x08003415   Thumb Code   156  dnaninf.o(x$fpl$dnaninf)
    __fpl_dretinf                            0x080034b1   Thumb Code    12  dretinf.o(x$fpl$dretinf)
    __aeabi_drsub                            0x080034bd   Thumb Code     0  daddsub_clz.o(x$fpl$drsb)
    _drsb                                    0x080034bd   Thumb Code    22  daddsub_clz.o(x$fpl$drsb)
    __aeabi_dsub                             0x080034d5   Thumb Code     0  daddsub_clz.o(x$fpl$dsub)
    _dsub                                    0x080034d5   Thumb Code   464  daddsub_clz.o(x$fpl$dsub)
    __aeabi_f2d                              0x080036a9   Thumb Code     0  f2d.o(x$fpl$f2d)
    _f2d                                     0x080036a9   Thumb Code    86  f2d.o(x$fpl$f2d)
    __aeabi_fadd                             0x08003701   Thumb Code     0  faddsub_clz.o(x$fpl$fadd)
    _fadd                                    0x08003701   Thumb Code   196  faddsub_clz.o(x$fpl$fadd)
    __fpl_fcmp_Inf                           0x080037c5   Thumb Code    24  fcmpi.o(x$fpl$fcmpinf)
    __aeabi_fdiv                             0x080037dd   Thumb Code     0  fdiv.o(x$fpl$fdiv)
    _fdiv                                    0x080037dd   Thumb Code   384  fdiv.o(x$fpl$fdiv)
    __aeabi_f2iz                             0x08003961   Thumb Code     0  ffix.o(x$fpl$ffix)
    _ffix                                    0x08003961   Thumb Code    54  ffix.o(x$fpl$ffix)
    __aeabi_f2uiz                            0x08003999   Thumb Code     0  ffixu.o(x$fpl$ffixu)
    _ffixu                                   0x08003999   Thumb Code    62  ffixu.o(x$fpl$ffixu)
    __aeabi_i2f                              0x080039d9   Thumb Code     0  fflt_clz.o(x$fpl$fflt)
    _fflt                                    0x080039d9   Thumb Code    48  fflt_clz.o(x$fpl$fflt)
    __aeabi_ui2f                             0x08003a09   Thumb Code     0  fflt_clz.o(x$fpl$ffltu)
    _ffltu                                   0x08003a09   Thumb Code    38  fflt_clz.o(x$fpl$ffltu)
    __aeabi_cfcmple                          0x08003a31   Thumb Code     0  fleqf.o(x$fpl$fleqf)
    _fcmple                                  0x08003a31   Thumb Code   104  fleqf.o(x$fpl$fleqf)
    __fpl_fcmple_InfNaN                      0x08003a83   Thumb Code     0  fleqf.o(x$fpl$fleqf)
    __aeabi_fmul                             0x08003a99   Thumb Code     0  fmul.o(x$fpl$fmul)
    _fmul                                    0x08003a99   Thumb Code   258  fmul.o(x$fpl$fmul)
    __fpl_fnaninf                            0x08003b9b   Thumb Code   140  fnaninf.o(x$fpl$fnaninf)
    __fpl_fretinf                            0x08003c27   Thumb Code    10  fretinf.o(x$fpl$fretinf)
    __aeabi_cfrcmple                         0x08003c31   Thumb Code     0  frleqf.o(x$fpl$frleqf)
    _frcmple                                 0x08003c31   Thumb Code    98  frleqf.o(x$fpl$frleqf)
    __aeabi_fsub                             0x08003c95   Thumb Code     0  faddsub_clz.o(x$fpl$fsub)
    _fsub                                    0x08003c95   Thumb Code   234  faddsub_clz.o(x$fpl$fsub)
    __fpl_return_NaN                         0x08003d7f   Thumb Code   100  retnan.o(x$fpl$retnan)
    __ARM_scalbn                             0x08003de3   Thumb Code    92  scalbn.o(x$fpl$scalbn)
    __fpl_cmpreturn                          0x08003e3f   Thumb Code    48  trapv.o(x$fpl$trapveneer)
    __I$use$fp                               0x08003e6e   Number         0  usenofp.o(x$fpl$usenofp)
    Region$$Table$$Base                      0x08003f90   Number         0  anon$$obj.o(Region$$Table)
    Region$$Table$$Limit                     0x08003fb0   Number         0  anon$$obj.o(Region$$Table)
    odometry_right                           0x20000004   Data           4  main.o(.data)
    odometry_left                            0x20000008   Data           4  main.o(.data)
    main_sta                                 0x2000000c   Data           1  main.o(.data)
    leftdata                                 0x20000010   Data           4  main.o(.data)
    rightdata                                0x20000014   Data           4  main.o(.data)
    x_data                                   0x20000018   Data           4  main.o(.data)
    y_data                                   0x2000001c   Data           4  main.o(.data)
    theta_data                               0x20000020   Data           4  main.o(.data)
    vel_linear                               0x20000024   Data           4  main.o(.data)
    vel_angular                              0x20000028   Data           4  main.o(.data)
    SystemCoreClock                          0x2000002c   Data           4  system_stm32f10x.o(.data)
    AHBPrescTable                            0x20000030   Data          16  system_stm32f10x.o(.data)
    Control_left                             0x20000044   Data          36  encoder.o(.data)
    Control_right                            0x20000068   Data          36  encoder.o(.data)
    bSpeed_Buffer_Index                      0x2000008c   Data           1  encoder.o(.data)
    Milemeter_L_Motor                        0x20000090   Data           4  encoder.o(.data)
    Milemeter_R_Motor                        0x20000094   Data           4  encoder.o(.data)
    Speed2                                   0x200000a0   Data           4  encoder.o(.data)
    Speed1                                   0x200000a4   Data           4  encoder.o(.data)
    pulse                                    0x200000ac   Data           4  encoder.o(.data)
    pulse1                                   0x200000b0   Data           4  encoder.o(.data)
    span                                     0x200000b4   Data           4  encoder.o(.data)
    hPrevious_angle2                         0x200000bc   Data           4  encoder.o(.data)
    hPrevious_angle1                         0x200000c0   Data           4  encoder.o(.data)
    position_x                               0x200000c4   Data           4  odometry.o(.data)
    position_y                               0x200000c8   Data           4  odometry.o(.data)
    oriention                                0x200000cc   Data           4  odometry.o(.data)
    velocity_linear                          0x200000d0   Data           4  odometry.o(.data)
    velocity_angular                         0x200000d4   Data           4  odometry.o(.data)
    wheel_interval                           0x200000d8   Data           4  odometry.o(.data)
    multiplier                               0x200000dc   Data           4  odometry.o(.data)
    deceleration_ratio                       0x200000e0   Data           4  odometry.o(.data)
    wheel_diameter                           0x200000e4   Data           4  odometry.o(.data)
    pi_1_2                                   0x200000e8   Data           4  odometry.o(.data)
    pi                                       0x200000ec   Data           4  odometry.o(.data)
    pi_3_2                                   0x200000f0   Data           4  odometry.o(.data)
    pi_2_1                                   0x200000f4   Data           4  odometry.o(.data)
    dt                                       0x200000f8   Data           4  odometry.o(.data)
    line_number                              0x200000fc   Data           4  odometry.o(.data)
    oriention_interval                       0x20000100   Data           4  odometry.o(.data)
    sin_                                     0x20000104   Data           4  odometry.o(.data)
    cos_                                     0x20000108   Data           4  odometry.o(.data)
    delta_distance                           0x2000010c   Data           4  odometry.o(.data)
    delta_oriention                          0x20000110   Data           4  odometry.o(.data)
    const_frame                              0x20000114   Data           4  odometry.o(.data)
    const_angle                              0x20000118   Data           4  odometry.o(.data)
    distance_sum                             0x2000011c   Data           4  odometry.o(.data)
    distance_diff                            0x20000120   Data           4  odometry.o(.data)
    oriention_1                              0x20000124   Data           4  odometry.o(.data)
    once                                     0x20000128   Data           1  odometry.o(.data)
    MaxValue                                 0x2000012c   Data           4  pid.o(.data)
    MinValue                                 0x20000130   Data           4  pid.o(.data)
    OutputValue                              0x20000134   Data           4  pid.o(.data)
    __stdout                                 0x20000138   Data           4  usart.o(.data)
    USART_RX_STA                             0x2000013c   Data           2  usart.o(.data)
    serial_rec                               0x2000013e   Data           1  usart.o(.data)
    odometry_data                            0x20000158   Data          21  main.o(.bss)
    hSpeed_Buffer2                           0x20000170   Data          12  encoder.o(.bss)
    hSpeed_Buffer1                           0x2000017c   Data          12  encoder.o(.bss)
    USART_RX_BUF                             0x20000188   Data         200  usart.o(.bss)
    __libspace_start                         0x20000250   Data          96  libspace.o(.bss)
    __temporary_stack_top$libspace           0x200002b0   Data           0  libspace.o(.bss)



==============================================================================

Memory Map of the image

  Image Entry point : 0x08000131

  Load Region LR_IROM1 (Base: 0x08000000, Size: 0x00004108, Max: 0x00080000, ABSOLUTE, COMPRESSED[0x0000401c])

    Execution Region ER_IROM1 (Exec base: 0x08000000, Load base: 0x08000000, Size: 0x00003fb0, Max: 0x00080000, ABSOLUTE)

    Exec Addr    Load Addr    Size         Type   Attr      Idx    E Section Name        Object

    0x08000000   0x08000000   0x00000130   Data   RO          636    RESET               startup_stm32f10x_hd.o
    0x08000130   0x08000130   0x00000008   Code   RO         3646  * !!!main             c_w.l(__main.o)
    0x08000138   0x08000138   0x00000034   Code   RO         3958    !!!scatter          c_w.l(__scatter.o)
    0x0800016c   0x0800016c   0x0000005a   Code   RO         3956    !!dczerorl2         c_w.l(__dczerorl2.o)
    0x080001c6   0x080001c6   0x00000002   PAD
    0x080001c8   0x080001c8   0x0000001c   Code   RO         3960    !!handler_zi        c_w.l(__scatter_zi.o)
    0x080001e4   0x080001e4   0x00000000   Code   RO         3643    .ARM.Collect$$_printf_percent$$00000000  c_w.l(_printf_percent.o)
    0x080001e4   0x080001e4   0x00000006   Code   RO         3642    .ARM.Collect$$_printf_percent$$00000009  c_w.l(_printf_d.o)
    0x080001ea   0x080001ea   0x00000004   Code   RO         3723    .ARM.Collect$$_printf_percent$$00000017  c_w.l(_printf_percent_end.o)
    0x080001ee   0x080001ee   0x00000002   Code   RO         3823    .ARM.Collect$$libinit$$00000000  c_w.l(libinit.o)
    0x080001f0   0x080001f0   0x00000000   Code   RO         3833    .ARM.Collect$$libinit$$00000002  c_w.l(libinit2.o)
    0x080001f0   0x080001f0   0x00000000   Code   RO         3835    .ARM.Collect$$libinit$$00000004  c_w.l(libinit2.o)
    0x080001f0   0x080001f0   0x00000000   Code   RO         3838    .ARM.Collect$$libinit$$0000000A  c_w.l(libinit2.o)
    0x080001f0   0x080001f0   0x00000000   Code   RO         3840    .ARM.Collect$$libinit$$0000000C  c_w.l(libinit2.o)
    0x080001f0   0x080001f0   0x00000000   Code   RO         3842    .ARM.Collect$$libinit$$0000000E  c_w.l(libinit2.o)
    0x080001f0   0x080001f0   0x00000000   Code   RO         3845    .ARM.Collect$$libinit$$00000011  c_w.l(libinit2.o)
    0x080001f0   0x080001f0   0x00000000   Code   RO         3847    .ARM.Collect$$libinit$$00000013  c_w.l(libinit2.o)
    0x080001f0   0x080001f0   0x00000000   Code   RO         3849    .ARM.Collect$$libinit$$00000015  c_w.l(libinit2.o)
    0x080001f0   0x080001f0   0x00000000   Code   RO         3851    .ARM.Collect$$libinit$$00000017  c_w.l(libinit2.o)
    0x080001f0   0x080001f0   0x00000000   Code   RO         3853    .ARM.Collect$$libinit$$00000019  c_w.l(libinit2.o)
    0x080001f0   0x080001f0   0x00000000   Code   RO         3855    .ARM.Collect$$libinit$$0000001B  c_w.l(libinit2.o)
    0x080001f0   0x080001f0   0x00000000   Code   RO         3857    .ARM.Collect$$libinit$$0000001D  c_w.l(libinit2.o)
    0x080001f0   0x080001f0   0x00000000   Code   RO         3859    .ARM.Collect$$libinit$$0000001F  c_w.l(libinit2.o)
    0x080001f0   0x080001f0   0x00000000   Code   RO         3861    .ARM.Collect$$libinit$$00000021  c_w.l(libinit2.o)
    0x080001f0   0x080001f0   0x00000000   Code   RO         3863    .ARM.Collect$$libinit$$00000023  c_w.l(libinit2.o)
    0x080001f0   0x080001f0   0x00000000   Code   RO         3865    .ARM.Collect$$libinit$$00000025  c_w.l(libinit2.o)
    0x080001f0   0x080001f0   0x00000000   Code   RO         3869    .ARM.Collect$$libinit$$0000002C  c_w.l(libinit2.o)
    0x080001f0   0x080001f0   0x00000000   Code   RO         3871    .ARM.Collect$$libinit$$0000002E  c_w.l(libinit2.o)
    0x080001f0   0x080001f0   0x00000000   Code   RO         3873    .ARM.Collect$$libinit$$00000030  c_w.l(libinit2.o)
    0x080001f0   0x080001f0   0x00000000   Code   RO         3875    .ARM.Collect$$libinit$$00000032  c_w.l(libinit2.o)
    0x080001f0   0x080001f0   0x00000002   Code   RO         3876    .ARM.Collect$$libinit$$00000033  c_w.l(libinit2.o)
    0x080001f2   0x080001f2   0x00000002   Code   RO         3908    .ARM.Collect$$libshutdown$$00000000  c_w.l(libshutdown.o)
    0x080001f4   0x080001f4   0x00000000   Code   RO         3922    .ARM.Collect$$libshutdown$$00000002  c_w.l(libshutdown2.o)
    0x080001f4   0x080001f4   0x00000000   Code   RO         3924    .ARM.Collect$$libshutdown$$00000004  c_w.l(libshutdown2.o)
    0x080001f4   0x080001f4   0x00000000   Code   RO         3927    .ARM.Collect$$libshutdown$$00000007  c_w.l(libshutdown2.o)
    0x080001f4   0x080001f4   0x00000000   Code   RO         3930    .ARM.Collect$$libshutdown$$0000000A  c_w.l(libshutdown2.o)
    0x080001f4   0x080001f4   0x00000000   Code   RO         3932    .ARM.Collect$$libshutdown$$0000000C  c_w.l(libshutdown2.o)
    0x080001f4   0x080001f4   0x00000000   Code   RO         3935    .ARM.Collect$$libshutdown$$0000000F  c_w.l(libshutdown2.o)
    0x080001f4   0x080001f4   0x00000002   Code   RO         3936    .ARM.Collect$$libshutdown$$00000010  c_w.l(libshutdown2.o)
    0x080001f6   0x080001f6   0x00000000   Code   RO         3714    .ARM.Collect$$rtentry$$00000000  c_w.l(__rtentry.o)
    0x080001f6   0x080001f6   0x00000000   Code   RO         3764    .ARM.Collect$$rtentry$$00000002  c_w.l(__rtentry2.o)
    0x080001f6   0x080001f6   0x00000006   Code   RO         3776    .ARM.Collect$$rtentry$$00000004  c_w.l(__rtentry4.o)
    0x080001fc   0x080001fc   0x00000000   Code   RO         3766    .ARM.Collect$$rtentry$$00000009  c_w.l(__rtentry2.o)
    0x080001fc   0x080001fc   0x00000004   Code   RO         3767    .ARM.Collect$$rtentry$$0000000A  c_w.l(__rtentry2.o)
    0x08000200   0x08000200   0x00000000   Code   RO         3769    .ARM.Collect$$rtentry$$0000000C  c_w.l(__rtentry2.o)
    0x08000200   0x08000200   0x00000008   Code   RO         3770    .ARM.Collect$$rtentry$$0000000D  c_w.l(__rtentry2.o)
    0x08000208   0x08000208   0x00000002   Code   RO         3826    .ARM.Collect$$rtexit$$00000000  c_w.l(rtexit.o)
    0x0800020a   0x0800020a   0x00000000   Code   RO         3880    .ARM.Collect$$rtexit$$00000002  c_w.l(rtexit2.o)
    0x0800020a   0x0800020a   0x00000004   Code   RO         3881    .ARM.Collect$$rtexit$$00000003  c_w.l(rtexit2.o)
    0x0800020e   0x0800020e   0x00000006   Code   RO         3882    .ARM.Collect$$rtexit$$00000004  c_w.l(rtexit2.o)
    0x08000214   0x08000214   0x00000040   Code   RO          637    .text               startup_stm32f10x_hd.o
    0x08000254   0x08000254   0x00000002   Code   RO         3610    .text               c_w.l(use_no_semi_2.o)
    0x08000256   0x08000256   0x00000048   Code   RO         3612    .text               c_w.l(llsdiv.o)
    0x0800029e   0x0800029e   0x00000002   PAD
    0x080002a0   0x080002a0   0x00000018   Code   RO         3616    .text               c_w.l(noretval__2printf.o)
    0x080002b8   0x080002b8   0x00000068   Code   RO         3618    .text               c_w.l(__printf.o)
    0x08000320   0x08000320   0x00000078   Code   RO         3620    .text               c_w.l(_printf_dec.o)
    0x08000398   0x08000398   0x00000006   Code   RO         3644    .text               c_w.l(heapauxi.o)
    0x0800039e   0x0800039e   0x00000002   Code   RO         3712    .text               c_w.l(use_no_semi.o)
    0x080003a0   0x080003a0   0x000000ee   Code   RO         3715    .text               c_w.l(lludivv7m.o)
    0x0800048e   0x0800048e   0x00000016   Code   RO         3717    .text               c_w.l(_rserrno.o)
    0x080004a4   0x080004a4   0x000000b2   Code   RO         3719    .text               c_w.l(_printf_intcommon.o)
    0x08000556   0x08000556   0x00000002   PAD
    0x08000558   0x08000558   0x00000024   Code   RO         3721    .text               c_w.l(_printf_char_file.o)
    0x0800057c   0x0800057c   0x00000008   Code   RO         3785    .text               c_w.l(rt_errno_addr_intlibspace.o)
    0x08000584   0x08000584   0x00000030   Code   RO         3787    .text               c_w.l(_printf_char_common.o)
    0x080005b4   0x080005b4   0x00000008   Code   RO         3789    .text               c_w.l(ferror.o)
    0x080005bc   0x080005bc   0x00000008   Code   RO         3807    .text               c_w.l(libspace.o)
    0x080005c4   0x080005c4   0x0000004a   Code   RO         3810    .text               c_w.l(sys_stackheap_outer.o)
    0x0800060e   0x0800060e   0x00000012   Code   RO         3816    .text               c_w.l(exit.o)
    0x08000620   0x08000620   0x00000004   Code   RO          150    i.BusFault_Handler  stm32f10x_it.o
    0x08000624   0x08000624   0x00000002   Code   RO          151    i.DebugMon_Handler  stm32f10x_it.o
    0x08000626   0x08000626   0x00000002   PAD
    0x08000628   0x08000628   0x000000f0   Code   RO          247    i.ENC_Calc_Average_Speed  encoder.o
    0x08000718   0x08000718   0x00000080   Code   RO          248    i.ENC_Calc_Rot_Speed1  encoder.o
    0x08000798   0x08000798   0x00000080   Code   RO          249    i.ENC_Calc_Rot_Speed2  encoder.o
    0x08000818   0x08000818   0x00000034   Code   RO          250    i.ENC_Clear_Speed_Buffer  encoder.o
    0x0800084c   0x0800084c   0x00000014   Code   RO          251    i.Encoder_Init      encoder.o
    0x08000860   0x08000860   0x00000116   Code   RO          983    i.GPIO_Init         stm32f10x_gpio.o
    0x08000976   0x08000976   0x00000002   PAD
    0x08000978   0x08000978   0x00000090   Code   RO          985    i.GPIO_PinRemapConfig  stm32f10x_gpio.o
    0x08000a08   0x08000a08   0x00000004   Code   RO          990    i.GPIO_ResetBits    stm32f10x_gpio.o
    0x08000a0c   0x08000a0c   0x00000004   Code   RO          991    i.GPIO_SetBits      stm32f10x_gpio.o
    0x08000a10   0x08000a10   0x00000098   Code   RO          252    i.Gain1             encoder.o
    0x08000aa8   0x08000aa8   0x00000074   Code   RO          253    i.Gain2             encoder.o
    0x08000b1c   0x08000b1c   0x00000004   Code   RO          152    i.HardFault_Handler  stm32f10x_it.o
    0x08000b20   0x08000b20   0x00000044   Code   RO          511    i.KEY_Init          key.o
    0x08000b64   0x08000b64   0x00000074   Code   RO          344    i.LeftMovingSpeedW  motor.o
    0x08000bd8   0x08000bd8   0x00000004   Code   RO          153    i.MemManage_Handler  stm32f10x_it.o
    0x08000bdc   0x08000bdc   0x00000034   Code   RO          351    i.Motor_Init        motor.o
    0x08000c10   0x08000c10   0x00000002   Code   RO          154    i.NMI_Handler       stm32f10x_it.o
    0x08000c12   0x08000c12   0x00000098   Code   RO          435    i.NVIC_Config_Init  nvic.o
    0x08000caa   0x08000caa   0x00000002   PAD
    0x08000cac   0x08000cac   0x00000070   Code   RO          641    i.NVIC_Init         misc.o
    0x08000d1c   0x08000d1c   0x00000014   Code   RO          642    i.NVIC_PriorityGroupConfig  misc.o
    0x08000d30   0x08000d30   0x000000dc   Code   RO          479    i.PID_calculate     pid.o
    0x08000e0c   0x08000e0c   0x00000002   Code   RO          155    i.PendSV_Handler    stm32f10x_it.o
    0x08000e0e   0x08000e0e   0x00000002   PAD
    0x08000e10   0x08000e10   0x00000020   Code   RO         1135    i.RCC_APB1PeriphClockCmd  stm32f10x_rcc.o
    0x08000e30   0x08000e30   0x00000020   Code   RO         1136    i.RCC_APB1PeriphResetCmd  stm32f10x_rcc.o
    0x08000e50   0x08000e50   0x00000020   Code   RO         1137    i.RCC_APB2PeriphClockCmd  stm32f10x_rcc.o
    0x08000e70   0x08000e70   0x00000020   Code   RO         1138    i.RCC_APB2PeriphResetCmd  stm32f10x_rcc.o
    0x08000e90   0x08000e90   0x000000d4   Code   RO         1145    i.RCC_GetClocksFreq  stm32f10x_rcc.o
    0x08000f64   0x08000f64   0x00000074   Code   RO          352    i.RightMovingSpeedW  motor.o
    0x08000fd8   0x08000fd8   0x00000002   Code   RO          156    i.SVC_Handler       stm32f10x_it.o
    0x08000fda   0x08000fda   0x00000008   Code   RO          213    i.SetSysClock       system_stm32f10x.o
    0x08000fe2   0x08000fe2   0x00000002   PAD
    0x08000fe4   0x08000fe4   0x000000e0   Code   RO          214    i.SetSysClockTo72   system_stm32f10x.o
    0x080010c4   0x080010c4   0x00000028   Code   RO          645    i.SysTick_CLKSourceConfig  misc.o
    0x080010ec   0x080010ec   0x00000002   Code   RO          157    i.SysTick_Handler   stm32f10x_it.o
    0x080010ee   0x080010ee   0x00000002   PAD
    0x080010f0   0x080010f0   0x00000060   Code   RO          216    i.SystemInit        system_stm32f10x.o
    0x08001150   0x08001150   0x00000080   Code   RO         1333    i.TI1_Config        stm32f10x_tim.o
    0x080011d0   0x080011d0   0x00000098   Code   RO         1334    i.TI2_Config        stm32f10x_tim.o
    0x08001268   0x08001268   0x00000090   Code   RO         1335    i.TI3_Config        stm32f10x_tim.o
    0x080012f8   0x080012f8   0x00000098   Code   RO         1336    i.TI4_Config        stm32f10x_tim.o
    0x08001390   0x08001390   0x000000fc   Code   RO          254    i.TIM2_Encoder_Init  encoder.o
    0x0800148c   0x0800148c   0x00000028   Code   RO          255    i.TIM2_IRQHandler   encoder.o
    0x080014b4   0x080014b4   0x000000d0   Code   RO          256    i.TIM3_Encoder_Init  encoder.o
    0x08001584   0x08001584   0x0000002c   Code   RO          257    i.TIM3_IRQHandler   encoder.o
    0x080015b0   0x080015b0   0x000000bc   Code   RO          499    i.TIM4_PWM_Init     pwm.o
    0x0800166c   0x0800166c   0x0000004c   Code   RO          258    i.TIM6_Config_Init  encoder.o
    0x080016b8   0x080016b8   0x000000b4   Code   RO          259    i.TIM6_IRQHandler   encoder.o
    0x0800176c   0x0800176c   0x0000004c   Code   RO          447    i.TIM7_Config_Init  odometry.o
    0x080017b8   0x080017b8   0x0000002c   Code   RO          448    i.TIM7_IRQHandler   odometry.o
    0x080017e4   0x080017e4   0x00000018   Code   RO         1337    i.TIM_ARRPreloadConfig  stm32f10x_tim.o
    0x080017fc   0x080017fc   0x00000006   Code   RO         1343    i.TIM_ClearFlag     stm32f10x_tim.o
    0x08001802   0x08001802   0x00000006   Code   RO         1344    i.TIM_ClearITPendingBit  stm32f10x_tim.o
    0x08001808   0x08001808   0x00000018   Code   RO         1349    i.TIM_Cmd           stm32f10x_tim.o
    0x08001820   0x08001820   0x00000042   Code   RO         1358    i.TIM_EncoderInterfaceConfig  stm32f10x_tim.o
    0x08001862   0x08001862   0x00000022   Code   RO         1370    i.TIM_GetITStatus   stm32f10x_tim.o
    0x08001884   0x08001884   0x000000ac   Code   RO         1372    i.TIM_ICInit        stm32f10x_tim.o
    0x08001930   0x08001930   0x00000012   Code   RO         1374    i.TIM_ITConfig      stm32f10x_tim.o
    0x08001942   0x08001942   0x00000002   PAD
    0x08001944   0x08001944   0x000000a0   Code   RO         1388    i.TIM_OC3Init       stm32f10x_tim.o
    0x080019e4   0x080019e4   0x00000012   Code   RO         1391    i.TIM_OC3PreloadConfig  stm32f10x_tim.o
    0x080019f6   0x080019f6   0x00000002   PAD
    0x080019f8   0x080019f8   0x0000007c   Code   RO         1393    i.TIM_OC4Init       stm32f10x_tim.o
    0x08001a74   0x08001a74   0x0000001a   Code   RO         1395    i.TIM_OC4PreloadConfig  stm32f10x_tim.o
    0x08001a8e   0x08001a8e   0x00000004   Code   RO         1414    i.TIM_SetCounter    stm32f10x_tim.o
    0x08001a92   0x08001a92   0x00000012   Code   RO         1415    i.TIM_SetIC1Prescaler  stm32f10x_tim.o
    0x08001aa4   0x08001aa4   0x0000001a   Code   RO         1416    i.TIM_SetIC2Prescaler  stm32f10x_tim.o
    0x08001abe   0x08001abe   0x00000012   Code   RO         1417    i.TIM_SetIC3Prescaler  stm32f10x_tim.o
    0x08001ad0   0x08001ad0   0x0000001a   Code   RO         1418    i.TIM_SetIC4Prescaler  stm32f10x_tim.o
    0x08001aea   0x08001aea   0x00000002   PAD
    0x08001aec   0x08001aec   0x000000a4   Code   RO         1420    i.TIM_TimeBaseInit  stm32f10x_tim.o
    0x08001b90   0x08001b90   0x0000009c   Code   RO          530    i.USART1_Config     usart.o
    0x08001c2c   0x08001c2c   0x00000118   Code   RO          531    i.USART1_IRQHandler  usart.o
    0x08001d44   0x08001d44   0x00000012   Code   RO         1881    i.USART_ClearFlag   stm32f10x_usart.o
    0x08001d56   0x08001d56   0x00000018   Code   RO         1885    i.USART_Cmd         stm32f10x_usart.o
    0x08001d6e   0x08001d6e   0x00000002   PAD
    0x08001d70   0x08001d70   0x0000009c   Code   RO         1887    i.USART_DeInit      stm32f10x_usart.o
    0x08001e0c   0x08001e0c   0x0000001a   Code   RO         1888    i.USART_GetFlagStatus  stm32f10x_usart.o
    0x08001e26   0x08001e26   0x00000054   Code   RO         1889    i.USART_GetITStatus  stm32f10x_usart.o
    0x08001e7a   0x08001e7a   0x0000004a   Code   RO         1891    i.USART_ITConfig    stm32f10x_usart.o
    0x08001ec4   0x08001ec4   0x000000d8   Code   RO         1892    i.USART_Init        stm32f10x_usart.o
    0x08001f9c   0x08001f9c   0x0000000a   Code   RO         1899    i.USART_ReceiveData  stm32f10x_usart.o
    0x08001fa6   0x08001fa6   0x00000008   Code   RO         1902    i.USART_SendData    stm32f10x_usart.o
    0x08001fae   0x08001fae   0x00000004   Code   RO          158    i.UsageFault_Handler  stm32f10x_it.o
    0x08001fb2   0x08001fb2   0x00000028   Code   RO         3803    i.__ARM_fpclassify  m_ws.l(fpclassify.o)
    0x08001fda   0x08001fda   0x00000002   PAD
    0x08001fdc   0x08001fdc   0x00000388   Code   RO         3752    i.__ieee754_rem_pio2  m_ws.l(rred.o)
    0x08002364   0x08002364   0x000000fc   Code   RO         3735    i.__kernel_cos      m_ws.l(cos_i.o)
    0x08002460   0x08002460   0x000000aa   Code   RO         3805    i.__kernel_poly     m_ws.l(poly.o)
    0x0800250a   0x0800250a   0x00000002   PAD
    0x0800250c   0x0800250c   0x000000ec   Code   RO         3757    i.__kernel_sin      m_ws.l(sin_i.o)
    0x080025f8   0x080025f8   0x00000006   Code   RO         3739    i.__mathlib_dbl_infnan  m_ws.l(dunder.o)
    0x080025fe   0x080025fe   0x0000000c   Code   RO         3741    i.__mathlib_dbl_invalid  m_ws.l(dunder.o)
    0x0800260a   0x0800260a   0x00000002   PAD
    0x0800260c   0x0800260c   0x00000010   Code   RO         3744    i.__mathlib_dbl_underflow  m_ws.l(dunder.o)
    0x0800261c   0x0800261c   0x00000004   Code   RO          532    i._sys_exit         usart.o
    0x08002620   0x08002620   0x00000060   Code   RO          353    i.car_control       motor.o
    0x08002680   0x08002680   0x0000009c   Code   RO         3697    i.cos               m_ws.l(cos.o)
    0x0800271c   0x0800271c   0x00000044   Code   RO          569    i.delay_init        delay.o
    0x08002760   0x08002760   0x0000001c   Code   RO          533    i.fputc             usart.o
    0x0800277c   0x0800277c   0x0000029c   Code   RO            1    i.main              main.o
    0x08002a18   0x08002a18   0x000002e0   Code   RO          449    i.odometry          odometry.o
    0x08002cf8   0x08002cf8   0x000000a0   Code   RO         3705    i.sin               m_ws.l(sin.o)
    0x08002d98   0x08002d98   0x00000062   Code   RO         3648    x$fpl$d2f           fz_ws.l(d2f.o)
    0x08002dfa   0x08002dfa   0x00000002   PAD
    0x08002dfc   0x08002dfc   0x00000150   Code   RO         3650    x$fpl$dadd          fz_ws.l(daddsub_clz.o)
    0x08002f4c   0x08002f4c   0x00000010   Code   RO         3824    x$fpl$dcheck1       fz_ws.l(dcheck1.o)
    0x08002f5c   0x08002f5c   0x000002b0   Code   RO         3794    x$fpl$ddiv          fz_ws.l(ddiv.o)
    0x0800320c   0x0800320c   0x0000005e   Code   RO         3797    x$fpl$dfix          fz_ws.l(dfix.o)
    0x0800326a   0x0800326a   0x0000002e   Code   RO         3657    x$fpl$dflt          fz_ws.l(dflt_clz.o)
    0x08003298   0x08003298   0x00000026   Code   RO         3656    x$fpl$dfltu         fz_ws.l(dflt_clz.o)
    0x080032be   0x080032be   0x00000002   PAD
    0x080032c0   0x080032c0   0x00000154   Code   RO         3662    x$fpl$dmul          fz_ws.l(dmul.o)
    0x08003414   0x08003414   0x0000009c   Code   RO         3724    x$fpl$dnaninf       fz_ws.l(dnaninf.o)
    0x080034b0   0x080034b0   0x0000000c   Code   RO         3726    x$fpl$dretinf       fz_ws.l(dretinf.o)
    0x080034bc   0x080034bc   0x00000016   Code   RO         3651    x$fpl$drsb          fz_ws.l(daddsub_clz.o)
    0x080034d2   0x080034d2   0x00000002   PAD
    0x080034d4   0x080034d4   0x000001d4   Code   RO         3652    x$fpl$dsub          fz_ws.l(daddsub_clz.o)
    0x080036a8   0x080036a8   0x00000056   Code   RO         3664    x$fpl$f2d           fz_ws.l(f2d.o)
    0x080036fe   0x080036fe   0x00000002   PAD
    0x08003700   0x08003700   0x000000c4   Code   RO         3666    x$fpl$fadd          fz_ws.l(faddsub_clz.o)
    0x080037c4   0x080037c4   0x00000018   Code   RO         3728    x$fpl$fcmpinf       fz_ws.l(fcmpi.o)
    0x080037dc   0x080037dc   0x00000184   Code   RO         3673    x$fpl$fdiv          fz_ws.l(fdiv.o)
    0x08003960   0x08003960   0x00000036   Code   RO         3676    x$fpl$ffix          fz_ws.l(ffix.o)
    0x08003996   0x08003996   0x00000002   PAD
    0x08003998   0x08003998   0x0000003e   Code   RO         3680    x$fpl$ffixu         fz_ws.l(ffixu.o)
    0x080039d6   0x080039d6   0x00000002   PAD
    0x080039d8   0x080039d8   0x00000030   Code   RO         3685    x$fpl$fflt          fz_ws.l(fflt_clz.o)
    0x08003a08   0x08003a08   0x00000026   Code   RO         3684    x$fpl$ffltu         fz_ws.l(fflt_clz.o)
    0x08003a2e   0x08003a2e   0x00000002   PAD
    0x08003a30   0x08003a30   0x00000068   Code   RO         3690    x$fpl$fleqf         fz_ws.l(fleqf.o)
    0x08003a98   0x08003a98   0x00000102   Code   RO         3692    x$fpl$fmul          fz_ws.l(fmul.o)
    0x08003b9a   0x08003b9a   0x0000008c   Code   RO         3730    x$fpl$fnaninf       fz_ws.l(fnaninf.o)
    0x08003c26   0x08003c26   0x0000000a   Code   RO         3732    x$fpl$fretinf       fz_ws.l(fretinf.o)
    0x08003c30   0x08003c30   0x00000062   Code   RO         3694    x$fpl$frleqf        fz_ws.l(frleqf.o)
    0x08003c92   0x08003c92   0x00000002   PAD
    0x08003c94   0x08003c94   0x000000ea   Code   RO         3668    x$fpl$fsub          fz_ws.l(faddsub_clz.o)
    0x08003d7e   0x08003d7e   0x00000064   Code   RO         3877    x$fpl$retnan        fz_ws.l(retnan.o)
    0x08003de2   0x08003de2   0x0000005c   Code   RO         3801    x$fpl$scalbn        fz_ws.l(scalbn.o)
    0x08003e3e   0x08003e3e   0x00000030   Code   RO         3896    x$fpl$trapveneer    fz_ws.l(trapv.o)
    0x08003e6e   0x08003e6e   0x00000000   Code   RO         3734    x$fpl$usenofp       fz_ws.l(usenofp.o)
    0x08003e6e   0x08003e6e   0x00000002   PAD
    0x08003e70   0x08003e70   0x00000030   Data   RO         3736    .constdata          m_ws.l(cos_i.o)
    0x08003ea0   0x08003ea0   0x000000c8   Data   RO         3754    .constdata          m_ws.l(rred.o)
    0x08003f68   0x08003f68   0x00000028   Data   RO         3758    .constdata          m_ws.l(sin_i.o)
    0x08003f90   0x08003f90   0x00000020   Data   RO         3954    Region$$Table       anon$$obj.o


    Execution Region RW_IRAM1 (Exec base: 0x20000000, Load base: 0x08003fb0, Size: 0x000008b0, Max: 0x00010000, ABSOLUTE, COMPRESSED[0x0000006c])

    Exec Addr    Load Addr    Size         Type   Attr      Idx    E Section Name        Object

    0x20000000   COMPRESSED   0x0000002c   Data   RW            3    .data               main.o
    0x2000002c   COMPRESSED   0x00000014   Data   RW          217    .data               system_stm32f10x.o
    0x20000040   COMPRESSED   0x00000084   Data   RW          261    .data               encoder.o
    0x200000c4   COMPRESSED   0x00000065   Data   RW          450    .data               odometry.o
    0x20000129   COMPRESSED   0x00000003   PAD
    0x2000012c   COMPRESSED   0x0000000c   Data   RW          480    .data               pid.o
    0x20000138   COMPRESSED   0x00000007   Data   RW          535    .data               usart.o
    0x2000013f   COMPRESSED   0x00000001   PAD
    0x20000140   COMPRESSED   0x00000004   Data   RW          572    .data               delay.o
    0x20000144   COMPRESSED   0x00000014   Data   RW         1165    .data               stm32f10x_rcc.o
    0x20000158        -       0x00000015   Zero   RW            2    .bss                main.o
    0x2000016d   COMPRESSED   0x00000003   PAD
    0x20000170        -       0x00000018   Zero   RW          260    .bss                encoder.o
    0x20000188        -       0x000000c8   Zero   RW          534    .bss                usart.o
    0x20000250        -       0x00000060   Zero   RW         3808    .bss                c_w.l(libspace.o)
    0x200002b0        -       0x00000200   Zero   RW          635    HEAP                startup_stm32f10x_hd.o
    0x200004b0        -       0x00000400   Zero   RW          634    STACK               startup_stm32f10x_hd.o


==============================================================================

Image component sizes


      Code (inc. data)   RO Data    RW Data    ZI Data      Debug   Object Name

        68         18          0          4          0        641   delay.o
      1636        216          0        132         24       8798   encoder.o
        68          8          0          0          0        459   key.o
       668         92          0         44         21     255657   main.o
       172         22          0          0          0       2025   misc.o
       380         28          0          0          0       2198   motor.o
       152          0          0          0          0        563   nvic.o
       856        120          0        101          0       2834   odometry.o
       220         22          0         12          0       1419   pid.o
       188         10          0          0          0        640   pwm.o
        64         26        304          0       1536        784   startup_stm32f10x_hd.o
       430          6          0          0          0       3794   stm32f10x_gpio.o
        26          0          0          0          0       3710   stm32f10x_it.o
       340         44          0         20          0       5456   stm32f10x_rcc.o
      1510        170          0          0          0      13826   stm32f10x_tim.o
       616         28          0          0          0       7078   stm32f10x_usart.o
         0          0          0          0          0         32   sys.o
       328         28          0         20          0       2201   system_stm32f10x.o
       468         52          0          7        200       4098   usart.o

    ----------------------------------------------------------------------
      8210        890        336        344       1784     316213   Object Totals
         0          0         32          0          0          0   (incl. Generated)
        20          0          0          4          3          0   (incl. Padding)

    ----------------------------------------------------------------------

      Code (inc. data)   RO Data    RW Data    ZI Data      Debug   Library Member Name

        90          0          0          0          0          0   __dczerorl2.o
         8          0          0          0          0         68   __main.o
       104          0          0          0          0         84   __printf.o
         0          0          0          0          0          0   __rtentry.o
        12          0          0          0          0          0   __rtentry2.o
         6          0          0          0          0          0   __rtentry4.o
        52          8          0          0          0          0   __scatter.o
        28          0          0          0          0          0   __scatter_zi.o
        48          6          0          0          0         96   _printf_char_common.o
        36          4          0          0          0         80   _printf_char_file.o
         6          0          0          0          0          0   _printf_d.o
       120         16          0          0          0         92   _printf_dec.o
       178          0          0          0          0         88   _printf_intcommon.o
         0          0          0          0          0          0   _printf_percent.o
         4          0          0          0          0          0   _printf_percent_end.o
        22          0          0          0          0        100   _rserrno.o
        18          0          0          0          0         80   exit.o
         8          0          0          0          0         68   ferror.o
         6          0          0          0          0        152   heapauxi.o
         2          0          0          0          0          0   libinit.o
         2          0          0          0          0          0   libinit2.o
         2          0          0          0          0          0   libshutdown.o
         2          0          0          0          0          0   libshutdown2.o
         8          4          0          0         96         68   libspace.o
        72          0          0          0          0         76   llsdiv.o
       238          0          0          0          0        100   lludivv7m.o
        24          4          0          0          0         84   noretval__2printf.o
         8          4          0          0          0         68   rt_errno_addr_intlibspace.o
         2          0          0          0          0          0   rtexit.o
        10          0          0          0          0          0   rtexit2.o
        74          0          0          0          0         80   sys_stackheap_outer.o
         2          0          0          0          0         68   use_no_semi.o
         2          0          0          0          0         68   use_no_semi_2.o
        98          4          0          0          0         92   d2f.o
       826         16          0          0          0        348   daddsub_clz.o
        16          4          0          0          0         68   dcheck1.o
       688        140          0          0          0        208   ddiv.o
        94          4          0          0          0         92   dfix.o
        84          0          0          0          0        136   dflt_clz.o
       340         12          0          0          0        104   dmul.o
       156          4          0          0          0         92   dnaninf.o
        12          0          0          0          0         68   dretinf.o
        86          4          0          0          0         84   f2d.o
       430          8          0          0          0        168   faddsub_clz.o
        24          0          0          0          0         68   fcmpi.o
       388         76          0          0          0         96   fdiv.o
        54          4          0          0          0         84   ffix.o
        62          4          0          0          0         84   ffixu.o
        86          0          0          0          0        136   fflt_clz.o
       104          4          0          0          0         84   fleqf.o
       258          4          0          0          0         84   fmul.o
       140          4          0          0          0         84   fnaninf.o
        10          0          0          0          0         68   fretinf.o
        98          0          0          0          0         68   frleqf.o
       100          0          0          0          0         68   retnan.o
        92          0          0          0          0         68   scalbn.o
        48          0          0          0          0         68   trapv.o
         0          0          0          0          0          0   usenofp.o
       156          8          0          0          0        104   cos.o
       252         22         48          0          0        124   cos_i.o
        34          6          0          0          0        204   dunder.o
        40          0          0          0          0         68   fpclassify.o
       170          0          0          0          0         96   poly.o
       904         76        200          0          0        140   rred.o
       160         10          0          0          0        108   sin.o
       236         12         40          0          0        128   sin_i.o

    ----------------------------------------------------------------------
      7470        472        288          0         96       5012   Library Totals
        30          0          0          0          0          0   (incl. Padding)

    ----------------------------------------------------------------------

      Code (inc. data)   RO Data    RW Data    ZI Data      Debug   Library Name

      1194         46          0          0         96       1520   c_w.l
      4294        292          0          0          0       2520   fz_ws.l
      1952        134        288          0          0        972   m_ws.l

    ----------------------------------------------------------------------
      7470        472        288          0         96       5012   Library Totals

    ----------------------------------------------------------------------

==============================================================================


      Code (inc. data)   RO Data    RW Data    ZI Data      Debug   

     15680       1362        624        344       1880     314305   Grand Totals
     15680       1362        624        108       1880     314305   ELF Image Totals (compressed)
     15680       1362        624        108          0          0   ROM Totals

==============================================================================

    Total RO  Size (Code + RO Data)                16304 (  15.92kB)
    Total RW  Size (RW Data + ZI Data)              2224 (   2.17kB)
    Total ROM Size (Code + RO Data + RW Data)      16412 (  16.03kB)

==============================================================================

